#
# There is insufficient memory for the Java Runtime Environment to continue.
# Native memory allocation (mmap) failed to map 4128768 bytes for G1 virtual space
# Possible reasons:
#   The system is out of physical RAM or swap space
#   The process is running with CompressedOops enabled, and the Java Heap may be blocking the growth of the native heap
# Possible solutions:
#   Reduce memory load on the system
#   Increase physical memory or swap space
#   Check if swap backing store is full
#   Decrease Java heap size (-Xmx/-Xms)
#   Decrease number of Java threads
#   Decrease Java thread stack sizes (-Xss)
#   Set larger code cache with -XX:ReservedCodeCacheSize=
#   JVM is running with Zero Based Compressed Oops mode in which the Java heap is
#     placed in the first 32GB address space. The Java Heap base address is the
#     maximum limit for the native heap growth. Please use -XX:HeapBaseMinAddress
#     to set the Java Heap base and to place the Java Heap above 32GB virtual address.
# This output file may be truncated or incomplete.
#
#  Out of Memory Error (os_windows.cpp:3548), pid=95676, tid=99568
#
# JRE version:  (17.0.12+8) (build )
# Java VM: Java HotSpot(TM) 64-Bit Server VM (17.0.12+8-LTS-286, mixed mode, sharing, tiered, compressed oops, compressed class ptrs, g1 gc, windows-amd64)
# No core dump will be written. Minidumps are not enabled by default on client versions of Windows
#

---------------  S U M M A R Y ------------

Command Line: org.jetbrains.kotlin.cli.jvm.K2JVMCompiler @C:\Users\PMLS\AndroidStudioProjects\SafeMum\SafeMum\node_modules\expo-modules-core\android\build\20250719_11793997000777953915.compiler.options

Host: 12th Gen Intel(R) Core(TM) i5-1235U, 12 cores, 15G,  Windows 10 , 64 bit Build 19041 (10.0.19041.5915)
Time: Sat Jul 19 01:24:36 2025 Pakistan Standard Time elapsed time: 0.009675 seconds (0d 0h 0m 0s)

---------------  T H R E A D  ---------------

Current thread (0x0000029e0de2ae80):  JavaThread "Unknown thread" [_thread_in_vm, id=99568, stack(0x000000eb91f00000,0x000000eb92000000)]

Stack: [0x000000eb91f00000,0x000000eb92000000]
Native frames: (J=compiled Java code, j=interpreted, Vv=VM code, C=native code)
V  [jvm.dll+0x67a04a]
V  [jvm.dll+0x7da4ed]
V  [jvm.dll+0x7dbe33]
V  [jvm.dll+0x7dc4a3]
V  [jvm.dll+0x24508f]
V  [jvm.dll+0x677089]
V  [jvm.dll+0x66bd32]
V  [jvm.dll+0x301fa6]
V  [jvm.dll+0x309546]
V  [jvm.dll+0x359d43]
V  [jvm.dll+0x359f5f]
V  [jvm.dll+0x2d9078]
V  [jvm.dll+0x2d9fe4]
V  [jvm.dll+0x7aca21]
V  [jvm.dll+0x367591]
V  [jvm.dll+0x78b999]
V  [jvm.dll+0x3ec83f]
V  [jvm.dll+0x3ee471]
C  [jli.dll+0x5297]
C  [ucrtbase.dll+0x21bb2]
C  [KERNEL32.DLL+0x17374]
C  [ntdll.dll+0x4cc91]


---------------  P R O C E S S  ---------------

Threads class SMR info:
_java_thread_list=0x00007ff9c2117a18, length=0, elements={
}

Java Threads: ( => current thread )

Other Threads:
  0x0000029e0de96090 GCTaskThread "GC Thread#0" [stack: 0x000000eb92000000,0x000000eb92100000] [id=86576]
  0x0000029e0dea6ba0 ConcurrentGCThread "G1 Main Marker" [stack: 0x000000eb92100000,0x000000eb92200000] [id=95128]
  0x0000029e0dea75b0 ConcurrentGCThread "G1 Conc#0" [stack: 0x000000eb92200000,0x000000eb92300000] [id=99588]

[error occurred during error reporting (printing all threads), id 0xc0000005, EXCEPTION_ACCESS_VIOLATION (0xc0000005) at pc=0x00007ff9c1949b67]

VM state: not at safepoint (not fully initialized)

VM Mutex/Monitor currently owned by a thread:  ([mutex/lock_event])
[0x0000029e0de26370] Heap_lock - owner thread: 0x0000029e0de2ae80

Heap address: 0x0000000704400000, size: 4028 MB, Compressed Oops mode: Zero based, Oop shift amount: 3

CDS archive(s) mapped at: [0x0000000000000000-0x0000000000000000-0x0000000000000000), size 0, SharedBaseAddress: 0x0000000800000000, ArchiveRelocationMode: 1.
Narrow klass base: 0x0000000000000000, Narrow klass shift: 0, Narrow klass range: 0x0

GC Precious Log:
<Empty>

Heap:
 garbage-first heap   total 0K, used 0K [0x0000000704400000, 0x0000000800000000)
  region size 2048K, 0 young (0K), 0 survivors (0K)

[error occurred during error reporting (printing heap information), id 0xc0000005, EXCEPTION_ACCESS_VIOLATION (0xc0000005) at pc=0x00007ff9c1d33859]

GC Heap History (0 events):
No events

Deoptimization events (0 events):
No events

Classes unloaded (0 events):
No events

Classes redefined (0 events):
No events

Internal exceptions (0 events):
No events

VM Operations (0 events):
No events

Events (1 events):
Event: 0.006 Loaded shared library C:\Program Files\Java\jdk-17\bin\java.dll


Dynamic libraries:
0x00007ff788b70000 - 0x00007ff788b80000 	C:\Program Files\Java\jdk-17\bin\java.exe
0x00007ffa4b690000 - 0x00007ffa4b888000 	C:\WINDOWS\SYSTEM32\ntdll.dll
0x00007ffa4b0d0000 - 0x00007ffa4b192000 	C:\WINDOWS\System32\KERNEL32.DLL
0x00007ffa49380000 - 0x00007ffa49676000 	C:\WINDOWS\System32\KERNELBASE.dll
0x00007ffa48d20000 - 0x00007ffa48e20000 	C:\WINDOWS\System32\ucrtbase.dll
0x00007ffa3b420000 - 0x00007ffa3b43b000 	C:\Program Files\Java\jdk-17\bin\VCRUNTIME140.dll
0x00007ffa40b30000 - 0x00007ffa40b49000 	C:\Program Files\Java\jdk-17\bin\jli.dll
0x00007ffa4ada0000 - 0x00007ffa4ae51000 	C:\WINDOWS\System32\ADVAPI32.dll
0x00007ffa4a790000 - 0x00007ffa4a82e000 	C:\WINDOWS\System32\msvcrt.dll
0x00007ffa4a830000 - 0x00007ffa4a8cf000 	C:\WINDOWS\System32\sechost.dll
0x00007ffa4ac10000 - 0x00007ffa4ad33000 	C:\WINDOWS\System32\RPCRT4.dll
0x00007ffa490a0000 - 0x00007ffa490c7000 	C:\WINDOWS\System32\bcrypt.dll
0x00007ffa4b1a0000 - 0x00007ffa4b33d000 	C:\WINDOWS\System32\USER32.dll
0x00007ffa49680000 - 0x00007ffa496a2000 	C:\WINDOWS\System32\win32u.dll
0x00007ffa4ae60000 - 0x00007ffa4ae8b000 	C:\WINDOWS\System32\GDI32.dll
0x00007ffa31db0000 - 0x00007ffa3204a000 	C:\WINDOWS\WinSxS\amd64_microsoft.windows.common-controls_6595b64144ccf1df_6.0.19041.5915_none_60b4b9d171f9c7c7\COMCTL32.dll
0x00007ffa48f80000 - 0x00007ffa49099000 	C:\WINDOWS\System32\gdi32full.dll
0x00007ffa490d0000 - 0x00007ffa4916d000 	C:\WINDOWS\System32\msvcp_win.dll
0x00007ffa3b4a0000 - 0x00007ffa3b4aa000 	C:\WINDOWS\SYSTEM32\VERSION.dll
0x00007ffa4b600000 - 0x00007ffa4b62f000 	C:\WINDOWS\System32\IMM32.DLL
0x00007ffa42960000 - 0x00007ffa4296c000 	C:\Program Files\Java\jdk-17\bin\vcruntime140_1.dll
0x00007ffa1dc30000 - 0x00007ffa1dcbe000 	C:\Program Files\Java\jdk-17\bin\msvcp140.dll
0x00007ff9c1660000 - 0x00007ff9c2240000 	C:\Program Files\Java\jdk-17\bin\server\jvm.dll
0x00007ffa4b340000 - 0x00007ffa4b348000 	C:\WINDOWS\System32\PSAPI.DLL
0x00007ffa39b80000 - 0x00007ffa39ba7000 	C:\WINDOWS\SYSTEM32\WINMM.dll
0x00007ffa40ae0000 - 0x00007ffa40ae9000 	C:\WINDOWS\SYSTEM32\WSOCK32.dll
0x00007ffa4aae0000 - 0x00007ffa4ab4b000 	C:\WINDOWS\System32\WS2_32.dll
0x00007ffa47540000 - 0x00007ffa47552000 	C:\WINDOWS\SYSTEM32\kernel.appcore.dll
0x00007ffa40a60000 - 0x00007ffa40a6a000 	C:\Program Files\Java\jdk-17\bin\jimage.dll
0x00007ffa46890000 - 0x00007ffa46a91000 	C:\WINDOWS\SYSTEM32\DBGHELP.DLL
0x00007ffa205f0000 - 0x00007ffa20624000 	C:\WINDOWS\SYSTEM32\dbgcore.DLL
0x00007ffa492f0000 - 0x00007ffa49372000 	C:\WINDOWS\System32\bcryptPrimitives.dll
0x00007ffa344d0000 - 0x00007ffa344f5000 	C:\Program Files\Java\jdk-17\bin\java.dll

dbghelp: loaded successfully - version: 4.0.5 - missing functions: none
symbol engine: initialized successfully - sym options: 0x614 - pdb path: .;C:\Program Files\Java\jdk-17\bin;C:\WINDOWS\SYSTEM32;C:\WINDOWS\WinSxS\amd64_microsoft.windows.common-controls_6595b64144ccf1df_6.0.19041.5915_none_60b4b9d171f9c7c7;C:\Program Files\Java\jdk-17\bin\server

VM Arguments:
java_command: org.jetbrains.kotlin.cli.jvm.K2JVMCompiler @C:\Users\PMLS\AndroidStudioProjects\SafeMum\SafeMum\node_modules\expo-modules-core\android\build\20250719_11793997000777953915.compiler.options
java_class_path (initial): C:\Users\PMLS\.gradle\caches\modules-2\files-2.1\org.jetbrains.kotlin\kotlin-compiler-embeddable\2.0.21\79346ed53db48b18312a472602eb5c057070c54d\kotlin-compiler-embeddable-2.0.21.jar;C:\Users\PMLS\.gradle\caches\modules-2\files-2.1\org.jetbrains.kotlin\kotlin-stdlib\2.0.21\618b539767b4899b4660a83006e052b63f1db551\kotlin-stdlib-2.0.21.jar;C:\Users\PMLS\.gradle\caches\modules-2\files-2.1\org.jetbrains.kotlin\kotlin-script-runtime\2.0.21\c9b044380ad41f89aa89aa896c2d32a8c0b2129d\kotlin-script-runtime-2.0.21.jar;C:\Users\PMLS\.gradle\caches\modules-2\files-2.1\org.jetbrains.kotlin\kotlin-reflect\1.6.10\1cbe9c92c12a94eea200d23c2bbaedaf3daf5132\kotlin-reflect-1.6.10.jar;C:\Users\PMLS\.gradle\caches\modules-2\files-2.1\org.jetbrains.kotlin\kotlin-daemon-embeddable\2.0.21\c9e933b23287de9b5a17e2116b4657bb91aea72c\kotlin-daemon-embeddable-2.0.21.jar;C:\Users\PMLS\.gradle\caches\modules-2\files-2.1\org.jetbrains.intellij.deps\trove4j\1.0.20200330\3afb14d5f9ceb459d724e907a21145e8ff394f02\trove4j-1.0.20200330.jar;C:\Users\PMLS\.gradle\caches\modules-2\files-2.1\org.jetbrains.kotlinx\kotlinx-coroutines-core-jvm\1.6.4\2c997cd1c0ef33f3e751d3831929aeff1390cb30\kotlinx-coroutines-core-jvm-1.6.4.jar;C:\Users\PMLS\.gradle\caches\modules-2\files-2.1\org.jetbrains\annotations\13.0\919f0dfe192fb4e063e7dacadee7f8bb9a2672a9\annotations-13.0.jar
Launcher Type: SUN_STANDARD

[Global flags]
     intx CICompilerCount                          = 4                                         {product} {ergonomic}
     uint ConcGCThreads                            = 3                                         {product} {ergonomic}
     uint G1ConcRefinementThreads                  = 10                                        {product} {ergonomic}
   size_t G1HeapRegionSize                         = 2097152                                   {product} {ergonomic}
    uintx GCDrainStackTargetSize                   = 64                                        {product} {ergonomic}
   size_t InitialHeapSize                          = 264241152                                 {product} {ergonomic}
   size_t MarkStackSize                            = 4194304                                   {product} {ergonomic}
   size_t MaxHeapSize                              = 4223664128                                {product} {ergonomic}
   size_t MinHeapDeltaBytes                        = 2097152                                   {product} {ergonomic}
   size_t MinHeapSize                              = 8388608                                   {product} {ergonomic}
    uintx NonNMethodCodeHeapSize                   = 5839372                                {pd product} {ergonomic}
    uintx NonProfiledCodeHeapSize                  = 122909434                              {pd product} {ergonomic}
    uintx ProfiledCodeHeapSize                     = 122909434                              {pd product} {ergonomic}
    uintx ReservedCodeCacheSize                    = 251658240                              {pd product} {ergonomic}
     bool SegmentedCodeCache                       = true                                      {product} {ergonomic}
   size_t SoftMaxHeapSize                          = 4223664128                             {manageable} {ergonomic}
     bool UseCompressedClassPointers               = true                           {product lp64_product} {ergonomic}
     bool UseCompressedOops                        = true                           {product lp64_product} {ergonomic}
     bool UseG1GC                                  = true                                      {product} {ergonomic}
     bool UseLargePagesIndividualAllocation        = false                                  {pd product} {ergonomic}

Logging:
Log output configuration:
 #0: stdout all=warning uptime,level,tags
 #1: stderr all=off uptime,level,tags

Environment Variables:
JAVA_HOME=C:\Program Files\Java\jdk-17
CLASSPATH=C:\Users\PMLS\AndroidStudioProjects\SafeMum\SafeMum\android\\gradle\wrapper\gradle-wrapper.jar
PATH=C:\Users\PMLS\AndroidStudioProjects\SafeMum\SafeMum\node_modules\.bin;C:\Users\PMLS\AndroidStudioProjects\SafeMum\SafeMum\node_modules\.bin;C:\Users\PMLS\AndroidStudioProjects\SafeMum\node_modules\.bin;C:\Users\PMLS\AndroidStudioProjects\node_modules\.bin;C:\Users\PMLS\node_modules\.bin;C:\Users\node_modules\.bin;C:\node_modules\.bin;C:\Users\PMLS\AppData\Roaming\npm\node_modules\npm\node_modules\@npmcli\run-script\lib\node-gyp-bin;C:\Program Files\Common Files\Oracle\Java\javapath;C:\WINDOWS\system32;C:\WINDOWS;C:\WINDOWS\System32\Wbem;C:\WINDOWS\System32\WindowsPowerShell\v1.0\;C:\WINDOWS\System32\OpenSSH\;C:\Program Files\Git\cmd;C:\ProgramData\chocolatey\bin;C:\Program Files\nodejs\;C:\Users\PMLS\AppData\Local\Android\Sdk\platform-tools;C:\Program Files\OpenSSL-Win64\bin;C:\Users\PMLS\AppData\Local\Programs\Python\Python310\Scripts\;C:\Users\PMLS\AppData\Local\Programs\Python\Python310\;C:\Users\PMLS\AppData\Local\Programs\Python\Python314\Scripts\;C:\Users\PMLS\AppData\Local\Programs\Python\Python314\;C:\Users\PMLS\AppData\Local\Programs\Python\Python313\Scripts\;C:\Users\PMLS\AppData\Local\Programs\Python\Python313\;C:\Users\PMLS\AppData\Local\Android\Sdk\tools;C:\Users\PMLS\AppData\Local\Microsoft\WindowsApps;C:\Users\PMLS\AppData\Roaming\npm;C:\Program Files\Java\jdk-17;C:\Users\PMLS\AppData\Local\Programs\Microsoft VS Code\bin;C:\Program Files\Java\jdk-17\bin;C:\Users\PMLS\AppData\Local\Programs\cursor\resources\app\bin
USERNAME=Zahra
OS=Windows_NT
PROCESSOR_IDENTIFIER=Intel64 Family 6 Model 154 Stepping 4, GenuineIntel



---------------  S Y S T E M  ---------------

OS:
 Windows 10 , 64 bit Build 19041 (10.0.19041.5915)
OS uptime: 2 days 10:47 hours

CPU: total 12 (initial active 12) (12 cores per cpu, 1 threads per core) family 6 model 154 stepping 4 microcode 0x424, cx8, cmov, fxsr, mmx, 3dnowpref, sse, sse2, sse3, ssse3, sse4.1, sse4.2, popcnt, lzcnt, tsc, tscinvbit, avx, avx2, aes, erms, clmul, bmi1, bmi2, adx, sha, fma, vzeroupper, clflush, clflushopt, clwb

Memory: 4k page, system-wide physical 16108M (924M free)
TotalPageFile size 46553M (AvailPageFile size 15M)
current process WorkingSet (physical memory assigned to process): 10M, peak: 10M
current process commit charge ("private bytes"): 316M, peak: 320M

vm_info: Java HotSpot(TM) 64-Bit Server VM (17.0.12+8-LTS-286) for windows-amd64 JRE (17.0.12+8-LTS-286), built on Jun  5 2024 06:46:59 by "mach5one" with MS VC++ 17.6 (VS2022)

END.
