#
# There is insufficient memory for the Java Runtime Environment to continue.
# Native memory allocation (malloc) failed to allocate 1521136 bytes for Chunk::new
# Possible reasons:
#   The system is out of physical RAM or swap space
#   The process is running with CompressedOops enabled, and the Java Heap may be blocking the growth of the native heap
# Possible solutions:
#   Reduce memory load on the system
#   Increase physical memory or swap space
#   Check if swap backing store is full
#   Decrease Java heap size (-Xmx/-Xms)
#   Decrease number of Java threads
#   Decrease Java thread stack sizes (-Xss)
#   Set larger code cache with -XX:ReservedCodeCacheSize=
#   JVM is running with Unscaled Compressed Oops mode in which the Java heap is
#     placed in the first 4GB address space. The Java Heap base address is the
#     maximum limit for the native heap growth. Please use -XX:HeapBaseMinAddress
#     to set the Java Heap base and to place the Java Heap above 4GB virtual address.
# This output file may be truncated or incomplete.
#
#  Out of Memory Error (arena.cpp:189), pid=95604, tid=96040
#
# JRE version: Java(TM) SE Runtime Environment (17.0.12+8) (build 17.0.12+8-LTS-286)
# Java VM: Java HotSpot(TM) 64-Bit Server VM (17.0.12+8-LTS-286, mixed mode, sharing, tiered, compressed oops, compressed class ptrs, g1 gc, windows-amd64)
# No core dump will be written. Minidumps are not enabled by default on client versions of Windows
#

---------------  S U M M A R Y ------------

Command Line: --add-opens=java.base/java.lang=ALL-UNNAMED --add-opens=java.base/java.lang.invoke=ALL-UNNAMED --add-opens=java.base/java.util=ALL-UNNAMED --add-opens=java.prefs/java.util.prefs=ALL-UNNAMED --add-exports=jdk.compiler/com.sun.tools.javac.api=ALL-UNNAMED --add-exports=jdk.compiler/com.sun.tools.javac.util=ALL-UNNAMED --add-opens=java.base/java.util=ALL-UNNAMED --add-opens=java.prefs/java.util.prefs=ALL-UNNAMED --add-opens=java.base/java.nio.charset=ALL-UNNAMED --add-opens=java.base/java.net=ALL-UNNAMED --add-opens=java.base/java.util.concurrent.atomic=ALL-UNNAMED --add-opens=java.xml/javax.xml.namespace=ALL-UNNAMED -XX:MaxMetaspaceSize=512m -Xmx2048m -Dfile.encoding=windows-1252 -Duser.country=US -Duser.language=en -Duser.variant -javaagent:C:\Users\PMLS\.gradle\wrapper\dists\gradle-8.13-bin\5xuhj0ry160q40clulazy9h7d\gradle-8.13\lib\agents\gradle-instrumentation-agent-8.13.jar org.gradle.launcher.daemon.bootstrap.GradleDaemon 8.13

Host: 12th Gen Intel(R) Core(TM) i5-1235U, 12 cores, 15G,  Windows 10 , 64 bit Build 19041 (10.0.19041.5915)
Time: Sat Jul 19 01:03:38 2025 Pakistan Standard Time elapsed time: 13.394801 seconds (0d 0h 0m 13s)

---------------  T H R E A D  ---------------

Current thread (0x0000028a5003d900):  JavaThread "C2 CompilerThread0" daemon [_thread_in_native, id=96040, stack(0x000000927de00000,0x000000927df00000)]


Current CompileTask:
C2:  13395 7128       4       com.google.common.collect.ImmutableSet$RegularSetBuilderImpl::add (68 bytes)

Stack: [0x000000927de00000,0x000000927df00000]
Native frames: (J=compiled Java code, j=interpreted, Vv=VM code, C=native code)
V  [jvm.dll+0x67a04a]
V  [jvm.dll+0x7da4ed]
V  [jvm.dll+0x7dbe33]
V  [jvm.dll+0x7dc4a3]
V  [jvm.dll+0x24508f]
V  [jvm.dll+0xab773]
V  [jvm.dll+0xabd3c]
V  [jvm.dll+0x361b9f]
V  [jvm.dll+0x32c431]
V  [jvm.dll+0x32b8ca]
V  [jvm.dll+0x21683f]
V  [jvm.dll+0x215c6f]
V  [jvm.dll+0x1a2960]
V  [jvm.dll+0x22610b]
V  [jvm.dll+0x2242ab]
V  [jvm.dll+0x79075c]
V  [jvm.dll+0x78abea]
V  [jvm.dll+0x678f35]
C  [ucrtbase.dll+0x21bb2]
C  [KERNEL32.DLL+0x17374]
C  [ntdll.dll+0x4cc91]


---------------  P R O C E S S  ---------------

Threads class SMR info:
_java_thread_list=0x0000028a566195f0, length=81, elements={
0x0000028a1667df00, 0x0000028a5000c920, 0x0000028a5000d3f0, 0x0000028a500232b0,
0x0000028a50025c90, 0x0000028a50026560, 0x0000028a50026e30, 0x0000028a5003d900,
0x0000028a5005e2d0, 0x0000028a5005ebe0, 0x0000028a5016b070, 0x0000028a501f6440,
0x0000028a55dd76a0, 0x0000028a55f7a340, 0x0000028a55dd44d0, 0x0000028a56453ee0,
0x0000028a56459c60, 0x0000028a564725c0, 0x0000028a56471180, 0x0000028a56471690,
0x0000028a56473a00, 0x0000028a56472ad0, 0x0000028a56470760, 0x0000028a56472fe0,
0x0000028a56471ba0, 0x0000028a564734f0, 0x0000028a564720b0, 0x0000028a56470250,
0x0000028a5535d330, 0x0000028a55359670, 0x0000028a5535d840, 0x0000028a5535afc0,
0x0000028a5535e770, 0x0000028a55357810, 0x0000028a5535c910, 0x0000028a5535c400,
0x0000028a5535b4d0, 0x0000028a55359b80, 0x0000028a5535bef0, 0x0000028a55358740,
0x0000028a5535ce20, 0x0000028a5535f190, 0x0000028a5535e260, 0x0000028a5535ec80,
0x0000028a55357d20, 0x0000028a55358230, 0x0000028a55359160, 0x0000028a590433d0,
0x0000028a59043df0, 0x0000028a59046670, 0x0000028a59044d20, 0x0000028a590438e0,
0x0000028a59046160, 0x0000028a59044300, 0x0000028a59046b80, 0x0000028a59044810,
0x0000028a590429b0, 0x0000028a59041a80, 0x0000028a59047fc0, 0x0000028a590475a0,
0x0000028a59045230, 0x0000028a59042ec0, 0x0000028a59045740, 0x0000028a590484d0,
0x0000028a590424a0, 0x0000028a59047090, 0x0000028a59045c50, 0x0000028a59041f90,
0x0000028a59047ab0, 0x0000028a59041060, 0x0000028a590489e0, 0x0000028a59041570,
0x0000028a58dd2ed0, 0x0000028a58dcd3b0, 0x0000028a58dcd8c0, 0x0000028a58dd33e0,
0x0000028a58dd1a90, 0x0000028a58dd1580, 0x0000028a58dd38f0, 0x0000028a58dd24b0,
0x0000028a55946040
}

Java Threads: ( => current thread )
  0x0000028a1667df00 JavaThread "main" [_thread_blocked, id=87564, stack(0x000000927d100000,0x000000927d200000)]
  0x0000028a5000c920 JavaThread "Reference Handler" daemon [_thread_blocked, id=90728, stack(0x000000927d800000,0x000000927d900000)]
  0x0000028a5000d3f0 JavaThread "Finalizer" daemon [_thread_blocked, id=95556, stack(0x000000927d900000,0x000000927da00000)]
  0x0000028a500232b0 JavaThread "Signal Dispatcher" daemon [_thread_blocked, id=85820, stack(0x000000927da00000,0x000000927db00000)]
  0x0000028a50025c90 JavaThread "Attach Listener" daemon [_thread_blocked, id=99960, stack(0x000000927db00000,0x000000927dc00000)]
  0x0000028a50026560 JavaThread "Service Thread" daemon [_thread_blocked, id=86284, stack(0x000000927dc00000,0x000000927dd00000)]
  0x0000028a50026e30 JavaThread "Monitor Deflation Thread" daemon [_thread_blocked, id=99984, stack(0x000000927dd00000,0x000000927de00000)]
=>0x0000028a5003d900 JavaThread "C2 CompilerThread0" daemon [_thread_in_native, id=96040, stack(0x000000927de00000,0x000000927df00000)]
  0x0000028a5005e2d0 JavaThread "C1 CompilerThread0" daemon [_thread_blocked, id=95400, stack(0x000000927df00000,0x000000927e000000)]
  0x0000028a5005ebe0 JavaThread "Sweeper thread" daemon [_thread_blocked, id=91984, stack(0x000000927e000000,0x000000927e100000)]
  0x0000028a5016b070 JavaThread "Common-Cleaner" daemon [_thread_blocked, id=91344, stack(0x000000927e100000,0x000000927e200000)]
  0x0000028a501f6440 JavaThread "Notification Thread" daemon [_thread_blocked, id=89968, stack(0x000000927e200000,0x000000927e300000)]
  0x0000028a55dd76a0 JavaThread "Daemon health stats" [_thread_blocked, id=95120, stack(0x000000927e500000,0x000000927e600000)]
  0x0000028a55f7a340 JavaThread "Incoming local TCP Connector on port 50576" [_thread_in_native, id=68308, stack(0x000000927eb00000,0x000000927ec00000)]
  0x0000028a55dd44d0 JavaThread "Daemon periodic checks" [_thread_blocked, id=69272, stack(0x000000927ec00000,0x000000927ed00000)]
  0x0000028a56453ee0 JavaThread "Daemon" [_thread_blocked, id=85492, stack(0x000000927ed00000,0x000000927ee00000)]
  0x0000028a56459c60 JavaThread "Handler for socket connection from /127.0.0.1:50576 to /127.0.0.1:50581" [_thread_in_native, id=93936, stack(0x000000927ee00000,0x000000927ef00000)]
  0x0000028a564725c0 JavaThread "Cancel handler" [_thread_blocked, id=94588, stack(0x000000927e400000,0x000000927e500000)]
  0x0000028a56471180 JavaThread "Daemon worker" [_thread_in_native, id=97080, stack(0x000000927ef00000,0x000000927f000000)]
  0x0000028a56471690 JavaThread "Asynchronous log dispatcher for DefaultDaemonConnection: socket connection from /127.0.0.1:50576 to /127.0.0.1:50581" [_thread_blocked, id=78500, stack(0x000000927f000000,0x000000927f100000)]
  0x0000028a56473a00 JavaThread "Stdin handler" [_thread_blocked, id=95884, stack(0x000000927f100000,0x000000927f200000)]
  0x0000028a56472ad0 JavaThread "Daemon client event forwarder" [_thread_blocked, id=95164, stack(0x000000927f200000,0x000000927f300000)]
  0x0000028a56470760 JavaThread "Cache worker for journal cache (C:\Users\PMLS\.gradle\caches\journal-1)" [_thread_blocked, id=98360, stack(0x000000927f300000,0x000000927f400000)]
  0x0000028a56472fe0 JavaThread "File lock request listener" [_thread_in_native, id=92516, stack(0x000000927f400000,0x000000927f500000)]
  0x0000028a56471ba0 JavaThread "Cache worker for file hash cache (C:\Users\PMLS\.gradle\caches\8.13\fileHashes)" [_thread_blocked, id=97428, stack(0x000000927f500000,0x000000927f600000)]
  0x0000028a564734f0 JavaThread "Cache worker for file hash cache (C:\Users\PMLS\AndroidStudioProjects\SafeMum\SafeMum\android\.gradle\8.13\fileHashes)" [_thread_blocked, id=88944, stack(0x000000927f700000,0x000000927f800000)]
  0x0000028a564720b0 JavaThread "Cache worker for Build Output Cleanup Cache (C:\Users\PMLS\AndroidStudioProjects\SafeMum\SafeMum\android\.gradle\buildOutputCleanup)" [_thread_blocked, id=98808, stack(0x000000927f800000,0x000000927f900000)]
  0x0000028a56470250 JavaThread "File watcher server" daemon [_thread_in_native, id=99848, stack(0x000000927ff00000,0x0000009280000000)]
  0x0000028a5535d330 JavaThread "File watcher consumer" daemon [_thread_blocked, id=63708, stack(0x0000009200000000,0x0000009200100000)]
  0x0000028a55359670 JavaThread "jar transforms" [_thread_blocked, id=93248, stack(0x0000009200200000,0x0000009200300000)]
  0x0000028a5535d840 JavaThread "Cache worker for checksums cache (C:\Users\PMLS\AndroidStudioProjects\SafeMum\SafeMum\android\.gradle\8.13\checksums)" [_thread_blocked, id=95116, stack(0x0000009200300000,0x0000009200400000)]
  0x0000028a5535afc0 JavaThread "Cache worker for file content cache (C:\Users\PMLS\.gradle\caches\8.13\fileContent)" [_thread_blocked, id=89700, stack(0x0000009200400000,0x0000009200500000)]
  0x0000028a5535e770 JavaThread "Exec process" [_thread_blocked, id=96396, stack(0x0000009200500000,0x0000009200600000)]
  0x0000028a55357810 JavaThread "Exec process Thread 2" [_thread_blocked, id=95136, stack(0x0000009200600000,0x0000009200700000)]
  0x0000028a5535c910 JavaThread "Exec process Thread 3" [_thread_blocked, id=88460, stack(0x0000009200700000,0x0000009200800000)]
  0x0000028a5535c400 JavaThread "Cache worker for cache directory md-supplier (C:\Users\PMLS\.gradle\caches\8.13\md-supplier)" [_thread_blocked, id=94392, stack(0x0000009200800000,0x0000009200900000)]
  0x0000028a5535b4d0 JavaThread "Cache worker for cache directory md-rule (C:\Users\PMLS\.gradle\caches\8.13\md-rule)" [_thread_blocked, id=91116, stack(0x0000009200900000,0x0000009200a00000)]
  0x0000028a55359b80 JavaThread "Cache worker for Build Output Cleanup Cache (C:\Users\PMLS\AndroidStudioProjects\SafeMum\SafeMum\node_modules\@react-native\gradle-plugin\.gradle\buildOutputCleanup)" [_thread_blocked, id=95468, stack(0x0000009200a00000,0x0000009200b00000)]
  0x0000028a5535bef0 JavaThread "Unconstrained build operations" [_thread_blocked, id=91812, stack(0x0000009200b00000,0x0000009200c00000)]
  0x0000028a55358740 JavaThread "Unconstrained build operations Thread 2" [_thread_blocked, id=99548, stack(0x0000009200c00000,0x0000009200d00000)]
  0x0000028a5535ce20 JavaThread "Unconstrained build operations Thread 3" [_thread_blocked, id=84944, stack(0x0000009200d00000,0x0000009200e00000)]
  0x0000028a5535f190 JavaThread "Unconstrained build operations Thread 4" [_thread_blocked, id=99336, stack(0x0000009200e00000,0x0000009200f00000)]
  0x0000028a5535e260 JavaThread "Unconstrained build operations Thread 5" [_thread_blocked, id=49828, stack(0x0000009200f00000,0x0000009201000000)]
  0x0000028a5535ec80 JavaThread "Unconstrained build operations Thread 6" [_thread_blocked, id=97200, stack(0x0000009201000000,0x0000009201100000)]
  0x0000028a55357d20 JavaThread "Cache worker for Build Output Cleanup Cache (C:\Users\PMLS\AndroidStudioProjects\SafeMum\SafeMum\node_modules\expo-modules-autolinking\android\expo-gradle-plugin\.gradle\buildOutputCleanup)" [_thread_blocked, id=91592, stack(0x0000009200100000,0x0000009200200000)]
  0x0000028a55358230 JavaThread "Unconstrained build operations Thread 7" [_thread_blocked, id=91616, stack(0x0000009201200000,0x0000009201300000)]
  0x0000028a55359160 JavaThread "Unconstrained build operations Thread 8" [_thread_blocked, id=94216, stack(0x0000009201300000,0x0000009201400000)]
  0x0000028a590433d0 JavaThread "Unconstrained build operations Thread 9" [_thread_blocked, id=35496, stack(0x0000009201400000,0x0000009201500000)]
  0x0000028a59043df0 JavaThread "Unconstrained build operations Thread 10" [_thread_blocked, id=91732, stack(0x0000009201500000,0x0000009201600000)]
  0x0000028a59046670 JavaThread "Unconstrained build operations Thread 11" [_thread_blocked, id=95780, stack(0x0000009201600000,0x0000009201700000)]
  0x0000028a59044d20 JavaThread "Unconstrained build operations Thread 12" [_thread_blocked, id=97372, stack(0x0000009201700000,0x0000009201800000)]
  0x0000028a590438e0 JavaThread "Unconstrained build operations Thread 13" [_thread_blocked, id=76356, stack(0x0000009201800000,0x0000009201900000)]
  0x0000028a59046160 JavaThread "Unconstrained build operations Thread 14" [_thread_blocked, id=75952, stack(0x0000009201900000,0x0000009201a00000)]
  0x0000028a59044300 JavaThread "Unconstrained build operations Thread 15" [_thread_blocked, id=98224, stack(0x0000009201a00000,0x0000009201b00000)]
  0x0000028a59046b80 JavaThread "Unconstrained build operations Thread 16" [_thread_blocked, id=97420, stack(0x0000009201b00000,0x0000009201c00000)]
  0x0000028a59044810 JavaThread "Unconstrained build operations Thread 17" [_thread_blocked, id=95416, stack(0x0000009201c00000,0x0000009201d00000)]
  0x0000028a590429b0 JavaThread "Unconstrained build operations Thread 18" [_thread_blocked, id=86496, stack(0x0000009201d00000,0x0000009201e00000)]
  0x0000028a59041a80 JavaThread "Unconstrained build operations Thread 19" [_thread_blocked, id=91652, stack(0x0000009201e00000,0x0000009201f00000)]
  0x0000028a59047fc0 JavaThread "Unconstrained build operations Thread 20" [_thread_blocked, id=96908, stack(0x0000009201f00000,0x0000009202000000)]
  0x0000028a590475a0 JavaThread "Unconstrained build operations Thread 21" [_thread_blocked, id=97836, stack(0x0000009202000000,0x0000009202100000)]
  0x0000028a59045230 JavaThread "Unconstrained build operations Thread 22" [_thread_blocked, id=96368, stack(0x0000009202100000,0x0000009202200000)]
  0x0000028a59042ec0 JavaThread "Unconstrained build operations Thread 23" [_thread_blocked, id=98248, stack(0x0000009202200000,0x0000009202300000)]
  0x0000028a59045740 JavaThread "Unconstrained build operations Thread 24" [_thread_blocked, id=91768, stack(0x0000009202300000,0x0000009202400000)]
  0x0000028a590484d0 JavaThread "Unconstrained build operations Thread 25" [_thread_blocked, id=93560, stack(0x0000009202400000,0x0000009202500000)]
  0x0000028a590424a0 JavaThread "Unconstrained build operations Thread 26" [_thread_blocked, id=90288, stack(0x0000009202500000,0x0000009202600000)]
  0x0000028a59047090 JavaThread "Unconstrained build operations Thread 27" [_thread_blocked, id=97008, stack(0x0000009202600000,0x0000009202700000)]
  0x0000028a59045c50 JavaThread "Unconstrained build operations Thread 28" [_thread_blocked, id=96876, stack(0x0000009202700000,0x0000009202800000)]
  0x0000028a59041f90 JavaThread "Unconstrained build operations Thread 29" [_thread_blocked, id=80516, stack(0x0000009202800000,0x0000009202900000)]
  0x0000028a59047ab0 JavaThread "Unconstrained build operations Thread 30" [_thread_blocked, id=69640, stack(0x0000009202900000,0x0000009202a00000)]
  0x0000028a59041060 JavaThread "Unconstrained build operations Thread 31" [_thread_blocked, id=82544, stack(0x0000009202a00000,0x0000009202b00000)]
  0x0000028a590489e0 JavaThread "Unconstrained build operations Thread 32" [_thread_blocked, id=99060, stack(0x0000009202b00000,0x0000009202c00000)]
  0x0000028a59041570 JavaThread "Unconstrained build operations Thread 33" [_thread_blocked, id=94556, stack(0x0000009202c00000,0x0000009202d00000)]
  0x0000028a58dd2ed0 JavaThread "Unconstrained build operations Thread 34" [_thread_blocked, id=94776, stack(0x0000009202d00000,0x0000009202e00000)]
  0x0000028a58dcd3b0 JavaThread "Unconstrained build operations Thread 35" [_thread_blocked, id=88356, stack(0x0000009202e00000,0x0000009202f00000)]
  0x0000028a58dcd8c0 JavaThread "Unconstrained build operations Thread 36" [_thread_blocked, id=100348, stack(0x0000009202f00000,0x0000009203000000)]
  0x0000028a58dd33e0 JavaThread "Unconstrained build operations Thread 37" [_thread_blocked, id=94260, stack(0x0000009203000000,0x0000009203100000)]
  0x0000028a58dd1a90 JavaThread "Unconstrained build operations Thread 38" [_thread_blocked, id=96448, stack(0x0000009203100000,0x0000009203200000)]
  0x0000028a58dd1580 JavaThread "Unconstrained build operations Thread 39" [_thread_blocked, id=92208, stack(0x0000009203200000,0x0000009203300000)]
  0x0000028a58dd38f0 JavaThread "build event listener" [_thread_blocked, id=99196, stack(0x0000009203300000,0x0000009203400000)]
  0x0000028a58dd24b0 JavaThread "Memory manager" [_thread_blocked, id=99016, stack(0x0000009201100000,0x0000009201200000)]
  0x0000028a55946040 JavaThread "C2 CompilerThread1" daemon [_thread_in_native, id=97136, stack(0x0000009203400000,0x0000009203500000)]

Other Threads:
  0x0000028a500066a0 VMThread "VM Thread" [stack: 0x000000927d700000,0x000000927d800000] [id=96540]
  0x0000028a1673acb0 WatcherThread [stack: 0x000000927e300000,0x000000927e400000] [id=63764]
  0x0000028a166d8520 GCTaskThread "GC Thread#0" [stack: 0x000000927d200000,0x000000927d300000] [id=99600]
  0x0000028a505b92d0 GCTaskThread "GC Thread#1" [stack: 0x000000927e600000,0x000000927e700000] [id=58396]
  0x0000028a5069d930 GCTaskThread "GC Thread#2" [stack: 0x000000927e700000,0x000000927e800000] [id=97356]
  0x0000028a5069dbf0 GCTaskThread "GC Thread#3" [stack: 0x000000927e800000,0x000000927e900000] [id=96740]
  0x0000028a506f3310 GCTaskThread "GC Thread#4" [stack: 0x000000927e900000,0x000000927ea00000] [id=96252]
  0x0000028a506f35d0 GCTaskThread "GC Thread#5" [stack: 0x000000927ea00000,0x000000927eb00000] [id=96324]
  0x0000028a50a61a50 GCTaskThread "GC Thread#6" [stack: 0x000000927f900000,0x000000927fa00000] [id=95752]
  0x0000028a50a61d10 GCTaskThread "GC Thread#7" [stack: 0x000000927fa00000,0x000000927fb00000] [id=80944]
  0x0000028a50a61fd0 GCTaskThread "GC Thread#8" [stack: 0x000000927fb00000,0x000000927fc00000] [id=73408]
  0x0000028a50a61790 GCTaskThread "GC Thread#9" [stack: 0x000000927fc00000,0x000000927fd00000] [id=96968]
  0x0000028a166ec660 ConcurrentGCThread "G1 Main Marker" [stack: 0x000000927d300000,0x000000927d400000] [id=100104]
  0x0000028a166ece20 ConcurrentGCThread "G1 Conc#0" [stack: 0x000000927d400000,0x000000927d500000] [id=68364]
  0x0000028a50a62290 ConcurrentGCThread "G1 Conc#1" [stack: 0x000000927fd00000,0x000000927fe00000] [id=95652]
  0x0000028a50a62810 ConcurrentGCThread "G1 Conc#2" [stack: 0x000000927fe00000,0x000000927ff00000] [id=71628]
  0x0000028a34be3210 ConcurrentGCThread "G1 Refine#0" [stack: 0x000000927d500000,0x000000927d600000] [id=89724]
  0x0000028a34be4900 ConcurrentGCThread "G1 Service" [stack: 0x000000927d600000,0x000000927d700000] [id=91216]

Threads with active compile tasks:
C2 CompilerThread0    13417 7128       4       com.google.common.collect.ImmutableSet$RegularSetBuilderImpl::add (68 bytes)
C1 CompilerThread0    13417 7172       3       org.gradle.util.Path::<init> (24 bytes)
C2 CompilerThread1    13418 7145       4       org.codehaus.groovy.reflection.ParameterTypes::getParameterTypes (16 bytes)

VM state: not at safepoint (normal execution)

VM Mutex/Monitor currently owned by a thread: None

Heap address: 0x0000000080000000, size: 2048 MB, Compressed Oops mode: 32-bit

CDS archive(s) mapped at: [0x0000028a35000000-0x0000028a35bd0000-0x0000028a35bd0000), size 12386304, SharedBaseAddress: 0x0000028a35000000, ArchiveRelocationMode: 1.
Compressed class space mapped at: 0x0000028a36000000-0x0000028a50000000, reserved size: 436207616
Narrow klass base: 0x0000028a35000000, Narrow klass shift: 0, Narrow klass range: 0x100000000

GC Precious Log:
 CPUs: 12 total, 12 available
 Memory: 16108M
 Large Page Support: Disabled
 NUMA Support: Disabled
 Compressed Oops: Enabled (32-bit)
 Heap Region Size: 1M
 Heap Min Capacity: 8M
 Heap Initial Capacity: 252M
 Heap Max Capacity: 2G
 Pre-touch: Disabled
 Parallel Workers: 10
 Concurrent Workers: 3
 Concurrent Refinement Workers: 10
 Periodic GC: Disabled

Heap:
 garbage-first heap   total 107520K, used 85245K [0x0000000080000000, 0x0000000100000000)
  region size 1024K, 27 young (27648K), 2 survivors (2048K)
 Metaspace       used 63557K, committed 64256K, reserved 491520K
  class space    used 9032K, committed 9344K, reserved 425984K

Heap Regions: E=young(eden), S=young(survivor), O=old, HS=humongous(starts), HC=humongous(continues), CS=collection set, F=free, OA=open archive, CA=closed archive, TAMS=top-at-mark-start (previous, next)
|   0|0x0000000080000000, 0x0000000080100000, 0x0000000080100000|100%|HS|  |TAMS 0x0000000080100000, 0x0000000080000000| Complete 
|   1|0x0000000080100000, 0x0000000080200000, 0x0000000080200000|100%|HC|  |TAMS 0x0000000080200000, 0x0000000080100000| Complete 
|   2|0x0000000080200000, 0x0000000080300000, 0x0000000080300000|100%|HC|  |TAMS 0x0000000080300000, 0x0000000080200000| Complete 
|   3|0x0000000080300000, 0x0000000080400000, 0x0000000080400000|100%| O|  |TAMS 0x0000000080400000, 0x0000000080300000| Untracked 
|   4|0x0000000080400000, 0x0000000080500000, 0x0000000080500000|100%| O|  |TAMS 0x0000000080500000, 0x0000000080400000| Untracked 
|   5|0x0000000080500000, 0x0000000080600000, 0x0000000080600000|100%| O|  |TAMS 0x0000000080600000, 0x0000000080500000| Untracked 
|   6|0x0000000080600000, 0x0000000080700000, 0x0000000080700000|100%|HS|  |TAMS 0x0000000080700000, 0x0000000080600000| Complete 
|   7|0x0000000080700000, 0x0000000080800000, 0x0000000080800000|100%| O|  |TAMS 0x0000000080800000, 0x0000000080700000| Untracked 
|   8|0x0000000080800000, 0x0000000080900000, 0x0000000080900000|100%| O|  |TAMS 0x0000000080900000, 0x0000000080800000| Untracked 
|   9|0x0000000080900000, 0x00000000809d6800, 0x0000000080a00000| 83%| O|  |TAMS 0x00000000809d6800, 0x0000000080900000| Untracked 
|  10|0x0000000080a00000, 0x0000000080b00000, 0x0000000080b00000|100%| O|  |TAMS 0x0000000080b00000, 0x0000000080a00000| Untracked 
|  11|0x0000000080b00000, 0x0000000080c00000, 0x0000000080c00000|100%| O|  |TAMS 0x0000000080c00000, 0x0000000080b00000| Untracked 
|  12|0x0000000080c00000, 0x0000000080d00000, 0x0000000080d00000|100%| O|  |TAMS 0x0000000080d00000, 0x0000000080c00000| Untracked 
|  13|0x0000000080d00000, 0x0000000080e00000, 0x0000000080e00000|100%| O|  |TAMS 0x0000000080e00000, 0x0000000080d00000| Untracked 
|  14|0x0000000080e00000, 0x0000000080f00000, 0x0000000080f00000|100%| O|  |TAMS 0x0000000080f00000, 0x0000000080e00000| Untracked 
|  15|0x0000000080f00000, 0x0000000081000000, 0x0000000081000000|100%| O|  |TAMS 0x0000000081000000, 0x0000000080f00000| Untracked 
|  16|0x0000000081000000, 0x0000000081100000, 0x0000000081100000|100%| O|  |TAMS 0x0000000081100000, 0x0000000081000000| Untracked 
|  17|0x0000000081100000, 0x0000000081200000, 0x0000000081200000|100%| O|  |TAMS 0x0000000081200000, 0x0000000081100000| Untracked 
|  18|0x0000000081200000, 0x0000000081300000, 0x0000000081300000|100%| O|  |TAMS 0x0000000081300000, 0x0000000081200000| Untracked 
|  19|0x0000000081300000, 0x0000000081400000, 0x0000000081400000|100%| O|  |TAMS 0x0000000081400000, 0x0000000081300000| Untracked 
|  20|0x0000000081400000, 0x0000000081500000, 0x0000000081500000|100%| O|  |TAMS 0x0000000081500000, 0x0000000081400000| Untracked 
|  21|0x0000000081500000, 0x0000000081600000, 0x0000000081600000|100%| O|  |TAMS 0x0000000081600000, 0x0000000081500000| Untracked 
|  22|0x0000000081600000, 0x0000000081700000, 0x0000000081700000|100%| O|  |TAMS 0x0000000081700000, 0x0000000081600000| Untracked 
|  23|0x0000000081700000, 0x0000000081700000, 0x0000000081800000|  0%| F|  |TAMS 0x0000000081700000, 0x0000000081700000| Untracked 
|  24|0x0000000081800000, 0x0000000081900000, 0x0000000081900000|100%| O|  |TAMS 0x0000000081900000, 0x0000000081800000| Untracked 
|  25|0x0000000081900000, 0x0000000081a00000, 0x0000000081a00000|100%| O|  |TAMS 0x0000000081a00000, 0x0000000081900000| Untracked 
|  26|0x0000000081a00000, 0x0000000081b00000, 0x0000000081b00000|100%| O|  |TAMS 0x0000000081b00000, 0x0000000081a00000| Complete 
|  27|0x0000000081b00000, 0x0000000081c00000, 0x0000000081c00000|100%| O|  |TAMS 0x0000000081c00000, 0x0000000081b00000| Untracked 
|  28|0x0000000081c00000, 0x0000000081d00000, 0x0000000081d00000|100%| O|  |TAMS 0x0000000081d00000, 0x0000000081c00000| Untracked 
|  29|0x0000000081d00000, 0x0000000081e00000, 0x0000000081e00000|100%| O|  |TAMS 0x0000000081e00000, 0x0000000081d00000| Untracked 
|  30|0x0000000081e00000, 0x0000000081f00000, 0x0000000081f00000|100%| O|  |TAMS 0x0000000081f00000, 0x0000000081e00000| Untracked 
|  31|0x0000000081f00000, 0x0000000082000000, 0x0000000082000000|100%| O|  |TAMS 0x0000000082000000, 0x0000000081f00000| Untracked 
|  32|0x0000000082000000, 0x0000000082100000, 0x0000000082100000|100%| O|  |TAMS 0x0000000082100000, 0x0000000082000000| Untracked 
|  33|0x0000000082100000, 0x0000000082200000, 0x0000000082200000|100%| O|  |TAMS 0x0000000082200000, 0x0000000082100000| Untracked 
|  34|0x0000000082200000, 0x0000000082300000, 0x0000000082300000|100%| O|  |TAMS 0x0000000082300000, 0x0000000082200000| Untracked 
|  35|0x0000000082300000, 0x0000000082400000, 0x0000000082400000|100%| O|  |TAMS 0x0000000082400000, 0x0000000082300000| Untracked 
|  36|0x0000000082400000, 0x0000000082500000, 0x0000000082500000|100%| O|  |TAMS 0x0000000082500000, 0x0000000082400000| Untracked 
|  37|0x0000000082500000, 0x0000000082600000, 0x0000000082600000|100%| O|  |TAMS 0x0000000082600000, 0x0000000082500000| Untracked 
|  38|0x0000000082600000, 0x0000000082700000, 0x0000000082700000|100%| O|  |TAMS 0x0000000082700000, 0x0000000082600000| Untracked 
|  39|0x0000000082700000, 0x0000000082800000, 0x0000000082800000|100%|HS|  |TAMS 0x0000000082800000, 0x0000000082700000| Complete 
|  40|0x0000000082800000, 0x0000000082900000, 0x0000000082900000|100%|HC|  |TAMS 0x0000000082900000, 0x0000000082800000| Complete 
|  41|0x0000000082900000, 0x0000000082a00000, 0x0000000082a00000|100%|HS|  |TAMS 0x0000000082a00000, 0x0000000082900000| Complete 
|  42|0x0000000082a00000, 0x0000000082b00000, 0x0000000082b00000|100%|HC|  |TAMS 0x0000000082b00000, 0x0000000082a00000| Complete 
|  43|0x0000000082b00000, 0x0000000082c00000, 0x0000000082c00000|100%|HC|  |TAMS 0x0000000082c00000, 0x0000000082b00000| Complete 
|  44|0x0000000082c00000, 0x0000000082d00000, 0x0000000082d00000|100%|HS|  |TAMS 0x0000000082d00000, 0x0000000082c00000| Complete 
|  45|0x0000000082d00000, 0x0000000082e00000, 0x0000000082e00000|100%|HC|  |TAMS 0x0000000082e00000, 0x0000000082d00000| Complete 
|  46|0x0000000082e00000, 0x0000000082f00000, 0x0000000082f00000|100%| O|  |TAMS 0x0000000082f00000, 0x0000000082e00000| Untracked 
|  47|0x0000000082f00000, 0x0000000083000000, 0x0000000083000000|100%| O|  |TAMS 0x0000000083000000, 0x0000000082f00000| Untracked 
|  48|0x0000000083000000, 0x0000000083100000, 0x0000000083100000|100%| O|  |TAMS 0x0000000083100000, 0x0000000083000000| Untracked 
|  49|0x0000000083100000, 0x0000000083200000, 0x0000000083200000|100%| O|  |TAMS 0x0000000083200000, 0x0000000083100000| Untracked 
|  50|0x0000000083200000, 0x0000000083300000, 0x0000000083300000|100%| O|  |TAMS 0x0000000083300000, 0x0000000083200000| Untracked 
|  51|0x0000000083300000, 0x0000000083400000, 0x0000000083400000|100%| O|  |TAMS 0x0000000083400000, 0x0000000083300000| Untracked 
|  52|0x0000000083400000, 0x0000000083500000, 0x0000000083500000|100%| O|  |TAMS 0x0000000083500000, 0x0000000083400000| Untracked 
|  53|0x0000000083500000, 0x0000000083600000, 0x0000000083600000|100%| O|  |TAMS 0x0000000083600000, 0x0000000083500000| Untracked 
|  54|0x0000000083600000, 0x0000000083700000, 0x0000000083700000|100%| O|  |TAMS 0x0000000083700000, 0x0000000083600000| Untracked 
|  55|0x0000000083700000, 0x0000000083800000, 0x0000000083800000|100%| O|  |TAMS 0x0000000083800000, 0x0000000083700000| Untracked 
|  56|0x0000000083800000, 0x0000000083900000, 0x0000000083900000|100%| O|  |TAMS 0x0000000083900000, 0x0000000083800000| Untracked 
|  57|0x0000000083900000, 0x000000008392b400, 0x0000000083a00000| 16%| O|  |TAMS 0x000000008392b400, 0x0000000083900000| Untracked 
|  58|0x0000000083a00000, 0x0000000083b00000, 0x0000000083b00000|100%|HS|  |TAMS 0x0000000083a00000, 0x0000000083a00000| Complete 
|  59|0x0000000083b00000, 0x0000000083c00000, 0x0000000083c00000|100%|HC|  |TAMS 0x0000000083b00000, 0x0000000083b00000| Complete 
|  60|0x0000000083c00000, 0x0000000083d00000, 0x0000000083d00000|100%|HC|  |TAMS 0x0000000083c00000, 0x0000000083c00000| Complete 
|  61|0x0000000083d00000, 0x0000000083d00000, 0x0000000083e00000|  0%| F|  |TAMS 0x0000000083d00000, 0x0000000083d00000| Untracked 
|  62|0x0000000083e00000, 0x0000000083e00000, 0x0000000083f00000|  0%| F|  |TAMS 0x0000000083e00000, 0x0000000083e00000| Untracked 
|  63|0x0000000083f00000, 0x0000000083f00000, 0x0000000084000000|  0%| F|  |TAMS 0x0000000083f00000, 0x0000000083f00000| Untracked 
|  64|0x0000000084000000, 0x0000000084000000, 0x0000000084100000|  0%| F|  |TAMS 0x0000000084000000, 0x0000000084000000| Untracked 
|  65|0x0000000084100000, 0x0000000084100000, 0x0000000084200000|  0%| F|  |TAMS 0x0000000084100000, 0x0000000084100000| Untracked 
|  66|0x0000000084200000, 0x0000000084200000, 0x0000000084300000|  0%| F|  |TAMS 0x0000000084200000, 0x0000000084200000| Untracked 
|  67|0x0000000084300000, 0x0000000084300000, 0x0000000084400000|  0%| F|  |TAMS 0x0000000084300000, 0x0000000084300000| Untracked 
|  68|0x0000000084400000, 0x0000000084400000, 0x0000000084500000|  0%| F|  |TAMS 0x0000000084400000, 0x0000000084400000| Untracked 
|  69|0x0000000084500000, 0x0000000084500000, 0x0000000084600000|  0%| F|  |TAMS 0x0000000084500000, 0x0000000084500000| Untracked 
|  70|0x0000000084600000, 0x0000000084600000, 0x0000000084700000|  0%| F|  |TAMS 0x0000000084600000, 0x0000000084600000| Untracked 
|  71|0x0000000084700000, 0x0000000084700000, 0x0000000084800000|  0%| F|  |TAMS 0x0000000084700000, 0x0000000084700000| Untracked 
|  72|0x0000000084800000, 0x0000000084800000, 0x0000000084900000|  0%| F|  |TAMS 0x0000000084800000, 0x0000000084800000| Untracked 
|  73|0x0000000084900000, 0x000000008493db88, 0x0000000084a00000| 24%| S|CS|TAMS 0x0000000084900000, 0x0000000084900000| Complete 
|  74|0x0000000084a00000, 0x0000000084b00000, 0x0000000084b00000|100%| S|CS|TAMS 0x0000000084a00000, 0x0000000084a00000| Complete 
|  75|0x0000000084b00000, 0x0000000084b00000, 0x0000000084c00000|  0%| F|  |TAMS 0x0000000084b00000, 0x0000000084b00000| Untracked 
|  76|0x0000000084c00000, 0x0000000084c00000, 0x0000000084d00000|  0%| F|  |TAMS 0x0000000084c00000, 0x0000000084c00000| Untracked 
|  77|0x0000000084d00000, 0x0000000084d00000, 0x0000000084e00000|  0%| F|  |TAMS 0x0000000084d00000, 0x0000000084d00000| Untracked 
|  78|0x0000000084e00000, 0x0000000084e00000, 0x0000000084f00000|  0%| F|  |TAMS 0x0000000084e00000, 0x0000000084e00000| Untracked 
|  79|0x0000000084f00000, 0x0000000084f00000, 0x0000000085000000|  0%| F|  |TAMS 0x0000000084f00000, 0x0000000084f00000| Untracked 
|  80|0x0000000085000000, 0x00000000850f7eb0, 0x0000000085100000| 96%| E|  |TAMS 0x0000000085000000, 0x0000000085000000| Complete 
|  81|0x0000000085100000, 0x0000000085200000, 0x0000000085200000|100%| E|CS|TAMS 0x0000000085100000, 0x0000000085100000| Complete 
|  82|0x0000000085200000, 0x0000000085300000, 0x0000000085300000|100%| E|CS|TAMS 0x0000000085200000, 0x0000000085200000| Complete 
|  83|0x0000000085300000, 0x0000000085400000, 0x0000000085400000|100%| E|CS|TAMS 0x0000000085300000, 0x0000000085300000| Complete 
|  84|0x0000000085400000, 0x0000000085500000, 0x0000000085500000|100%| E|CS|TAMS 0x0000000085400000, 0x0000000085400000| Complete 
|  85|0x0000000085500000, 0x0000000085600000, 0x0000000085600000|100%| E|CS|TAMS 0x0000000085500000, 0x0000000085500000| Complete 
|  86|0x0000000085600000, 0x0000000085700000, 0x0000000085700000|100%| E|CS|TAMS 0x0000000085600000, 0x0000000085600000| Complete 
|  87|0x0000000085700000, 0x0000000085800000, 0x0000000085800000|100%| E|CS|TAMS 0x0000000085700000, 0x0000000085700000| Complete 
|  88|0x0000000085800000, 0x0000000085900000, 0x0000000085900000|100%| E|CS|TAMS 0x0000000085800000, 0x0000000085800000| Complete 
| 125|0x0000000087d00000, 0x0000000087e00000, 0x0000000087e00000|100%| E|CS|TAMS 0x0000000087d00000, 0x0000000087d00000| Complete 
| 126|0x0000000087e00000, 0x0000000087f00000, 0x0000000087f00000|100%| E|CS|TAMS 0x0000000087e00000, 0x0000000087e00000| Complete 
| 127|0x0000000087f00000, 0x0000000088000000, 0x0000000088000000|100%| E|CS|TAMS 0x0000000087f00000, 0x0000000087f00000| Complete 
| 128|0x0000000088000000, 0x0000000088100000, 0x0000000088100000|100%| E|CS|TAMS 0x0000000088000000, 0x0000000088000000| Complete 
| 129|0x0000000088100000, 0x0000000088200000, 0x0000000088200000|100%| E|  |TAMS 0x0000000088100000, 0x0000000088100000| Complete 
| 130|0x0000000088200000, 0x0000000088300000, 0x0000000088300000|100%| E|CS|TAMS 0x0000000088200000, 0x0000000088200000| Complete 
| 131|0x0000000088300000, 0x0000000088400000, 0x0000000088400000|100%| E|CS|TAMS 0x0000000088300000, 0x0000000088300000| Complete 
| 132|0x0000000088400000, 0x0000000088500000, 0x0000000088500000|100%| E|CS|TAMS 0x0000000088400000, 0x0000000088400000| Complete 
| 133|0x0000000088500000, 0x0000000088600000, 0x0000000088600000|100%| E|CS|TAMS 0x0000000088500000, 0x0000000088500000| Complete 
| 134|0x0000000088600000, 0x0000000088700000, 0x0000000088700000|100%| E|CS|TAMS 0x0000000088600000, 0x0000000088600000| Complete 
| 135|0x0000000088700000, 0x0000000088800000, 0x0000000088800000|100%| E|CS|TAMS 0x0000000088700000, 0x0000000088700000| Complete 
| 136|0x0000000088800000, 0x0000000088900000, 0x0000000088900000|100%| E|CS|TAMS 0x0000000088800000, 0x0000000088800000| Complete 
| 137|0x0000000088900000, 0x0000000088a00000, 0x0000000088a00000|100%| E|CS|TAMS 0x0000000088900000, 0x0000000088900000| Complete 
| 138|0x0000000088a00000, 0x0000000088b00000, 0x0000000088b00000|100%| E|CS|TAMS 0x0000000088a00000, 0x0000000088a00000| Complete 
| 139|0x0000000088b00000, 0x0000000088c00000, 0x0000000088c00000|100%| E|CS|TAMS 0x0000000088b00000, 0x0000000088b00000| Complete 
| 251|0x000000008fb00000, 0x000000008fc00000, 0x000000008fc00000|100%| E|CS|TAMS 0x000000008fb00000, 0x000000008fb00000| Complete 

Card table byte_map: [0x0000028a2d8a0000,0x0000028a2dca0000] _byte_map_base: 0x0000028a2d4a0000

Marking Bits (Prev, Next): (CMBitMap*) 0x0000028a166d9900, (CMBitMap*) 0x0000028a166d9940
 Prev Bits: [0x0000028a2e0a0000, 0x0000028a300a0000)
 Next Bits: [0x0000028a300a0000, 0x0000028a320a0000)

Polling page: 0x0000028a14600000

Metaspace:

Usage:
  Non-class:     53.25 MB used.
      Class:      8.82 MB used.
       Both:     62.07 MB used.

Virtual space:
  Non-class space:       64.00 MB reserved,      53.62 MB ( 84%) committed,  1 nodes.
      Class space:      416.00 MB reserved,       9.12 MB (  2%) committed,  1 nodes.
             Both:      480.00 MB reserved,      62.75 MB ( 13%) committed. 

Chunk freelists:
   Non-Class:  9.52 MB
       Class:  6.88 MB
        Both:  16.39 MB

MaxMetaspaceSize: 512.00 MB
CompressedClassSpaceSize: 416.00 MB
Initial GC threshold: 21.00 MB
Current GC threshold: 102.62 MB
CDS: on
MetaspaceReclaimPolicy: balanced
 - commit_granule_bytes: 65536.
 - commit_granule_words: 8192.
 - virtual_space_node_default_size: 8388608.
 - enlarge_chunks_in_place: 1.
 - new_chunks_are_fully_committed: 0.
 - uncommit_free_chunks: 1.
 - use_allocation_guard: 0.
 - handle_deallocations: 1.


Internal statistics:

num_allocs_failed_limit: 6.
num_arena_births: 904.
num_arena_deaths: 0.
num_vsnodes_births: 2.
num_vsnodes_deaths: 0.
num_space_committed: 1004.
num_space_uncommitted: 0.
num_chunks_returned_to_freelist: 6.
num_chunks_taken_from_freelist: 3581.
num_chunk_merges: 6.
num_chunk_splits: 2344.
num_chunks_enlarged: 1524.
num_inconsistent_stats: 0.

CodeHeap 'non-profiled nmethods': size=120000Kb used=3837Kb max_used=3837Kb free=116163Kb
 bounds [0x0000028a25a10000, 0x0000028a25dd0000, 0x0000028a2cf40000]
CodeHeap 'profiled nmethods': size=120000Kb used=12114Kb max_used=12114Kb free=107885Kb
 bounds [0x0000028a1df40000, 0x0000028a1eb20000, 0x0000028a25470000]
CodeHeap 'non-nmethods': size=5760Kb used=2376Kb max_used=2421Kb free=3384Kb
 bounds [0x0000028a25470000, 0x0000028a256e0000, 0x0000028a25a10000]
 total_blobs=7270 nmethods=6363 adapters=817
 compilation: enabled
              stopped_count=0, restarted_count=0
 full_count=0

Compilation events (20 events):
Event: 13.342 Thread 0x0000028a5005e2d0 7135       3       java.net.URLConnection::checkConnected (19 bytes)
Event: 13.342 Thread 0x0000028a5005e2d0 nmethod 7135 0x0000028a1eb04e10 code [0x0000028a1eb04fc0, 0x0000028a1eb051e8]
Event: 13.342 Thread 0x0000028a5005e2d0 7136       1       java.net.JarURLConnection::getEntryName (5 bytes)
Event: 13.342 Thread 0x0000028a5005e2d0 nmethod 7136 0x0000028a25dce410 code [0x0000028a25dce5a0, 0x0000028a25dce678]
Event: 13.344 Thread 0x0000028a5005e2d0 7137       3       org.gradle.api.internal.plugins.DefaultPluginRegistry$PluginIdLookupCacheKey::<init> (15 bytes)
Event: 13.344 Thread 0x0000028a5005e2d0 nmethod 7137 0x0000028a1eb05310 code [0x0000028a1eb054c0, 0x0000028a1eb056d8]
Event: 13.344 Thread 0x0000028a5005e2d0 7138       3       org.gradle.api.internal.plugins.DefaultPluginRegistry$PluginIdLookupCacheKey::hashCode (23 bytes)
Event: 13.345 Thread 0x0000028a5005e2d0 nmethod 7138 0x0000028a1eb05790 code [0x0000028a1eb05940, 0x0000028a1eb05bf8]
Event: 13.368 Thread 0x0000028a5005e2d0 7139       3       org.gradle.api.internal.DefaultMutationGuard::wrapLazyAction (7 bytes)
Event: 13.369 Thread 0x0000028a5005e2d0 nmethod 7139 0x0000028a1eb05d10 code [0x0000028a1eb05ea0, 0x0000028a1eb05fe8]
Event: 13.369 Thread 0x0000028a5005e2d0 7140       3       org.gradle.api.internal.DefaultMutationGuard::newActionWithMutation (11 bytes)
Event: 13.369 Thread 0x0000028a5005e2d0 nmethod 7140 0x0000028a1eb06090 code [0x0000028a1eb06240, 0x0000028a1eb06538]
Event: 13.376 Thread 0x0000028a5005e2d0 7141       3       org.gradle.api.internal.project.DefaultProject::getExtensions (5 bytes)
Event: 13.377 Thread 0x0000028a5005e2d0 nmethod 7141 0x0000028a1eb06690 code [0x0000028a1eb069a0, 0x0000028a1eb07e38]
Event: 13.383 Thread 0x0000028a5005e2d0 7142       1       org.gradle.api.internal.provider.Collectors$SingleElement::size (2 bytes)
Event: 13.383 Thread 0x0000028a55946040 7143       4       java.lang.ref.WeakReference::<init> (6 bytes)
Event: 13.384 Thread 0x0000028a5005e2d0 nmethod 7142 0x0000028a25dce710 code [0x0000028a25dce8a0, 0x0000028a25dce978]
Event: 13.385 Thread 0x0000028a5005e2d0 7144       3       org.gradle.internal.instantiation.generator.ManagedObjectFactory::displayNameFor (73 bytes)
Event: 13.387 Thread 0x0000028a5005e2d0 nmethod 7144 0x0000028a1eb08410 code [0x0000028a1eb08740, 0x0000028a1eb09c88]
Event: 13.387 Thread 0x0000028a55946040 nmethod 7143 0x0000028a25dcea10 code [0x0000028a25dceb80, 0x0000028a25dcedb8]

GC Heap History (20 events):
Event: 8.121 GC heap before
{Heap before GC invocations=11 (full 0):
 garbage-first heap   total 86016K, used 65492K [0x0000000080000000, 0x0000000100000000)
  region size 1024K, 33 young (33792K), 3 survivors (3072K)
 Metaspace       used 40108K, committed 40704K, reserved 491520K
  class space    used 5538K, committed 5824K, reserved 425984K
}
Event: 8.124 GC heap after
{Heap after GC invocations=12 (full 0):
 garbage-first heap   total 103424K, used 35850K [0x0000000080000000, 0x0000000100000000)
  region size 1024K, 4 young (4096K), 4 survivors (4096K)
 Metaspace       used 40108K, committed 40704K, reserved 491520K
  class space    used 5538K, committed 5824K, reserved 425984K
}
Event: 8.731 GC heap before
{Heap before GC invocations=12 (full 0):
 garbage-first heap   total 103424K, used 79882K [0x0000000080000000, 0x0000000100000000)
  region size 1024K, 47 young (48128K), 4 survivors (4096K)
 Metaspace       used 44320K, committed 44928K, reserved 491520K
  class space    used 6226K, committed 6464K, reserved 425984K
}
Event: 8.735 GC heap after
{Heap after GC invocations=13 (full 0):
 garbage-first heap   total 103424K, used 37774K [0x0000000080000000, 0x0000000100000000)
  region size 1024K, 5 young (5120K), 5 survivors (5120K)
 Metaspace       used 44320K, committed 44928K, reserved 491520K
  class space    used 6226K, committed 6464K, reserved 425984K
}
Event: 10.285 GC heap before
{Heap before GC invocations=13 (full 0):
 garbage-first heap   total 103424K, used 81806K [0x0000000080000000, 0x0000000100000000)
  region size 1024K, 48 young (49152K), 5 survivors (5120K)
 Metaspace       used 48638K, committed 49280K, reserved 491520K
  class space    used 6814K, committed 7104K, reserved 425984K
}
Event: 10.290 GC heap after
{Heap after GC invocations=14 (full 0):
 garbage-first heap   total 103424K, used 39924K [0x0000000080000000, 0x0000000100000000)
  region size 1024K, 5 young (5120K), 5 survivors (5120K)
 Metaspace       used 48638K, committed 49280K, reserved 491520K
  class space    used 6814K, committed 7104K, reserved 425984K
}
Event: 10.726 GC heap before
{Heap before GC invocations=14 (full 0):
 garbage-first heap   total 103424K, used 81908K [0x0000000080000000, 0x0000000100000000)
  region size 1024K, 46 young (47104K), 5 survivors (5120K)
 Metaspace       used 51264K, committed 51840K, reserved 491520K
  class space    used 7222K, committed 7488K, reserved 425984K
}
Event: 10.731 GC heap after
{Heap after GC invocations=15 (full 0):
 garbage-first heap   total 103424K, used 42238K [0x0000000080000000, 0x0000000100000000)
  region size 1024K, 5 young (5120K), 5 survivors (5120K)
 Metaspace       used 51264K, committed 51840K, reserved 491520K
  class space    used 7222K, committed 7488K, reserved 425984K
}
Event: 11.525 GC heap before
{Heap before GC invocations=15 (full 0):
 garbage-first heap   total 103424K, used 83198K [0x0000000080000000, 0x0000000100000000)
  region size 1024K, 45 young (46080K), 5 survivors (5120K)
 Metaspace       used 53584K, committed 54272K, reserved 491520K
  class space    used 7553K, committed 7872K, reserved 425984K
}
Event: 11.529 GC heap after
{Heap after GC invocations=16 (full 0):
 garbage-first heap   total 103424K, used 45627K [0x0000000080000000, 0x0000000100000000)
  region size 1024K, 6 young (6144K), 6 survivors (6144K)
 Metaspace       used 53584K, committed 54272K, reserved 491520K
  class space    used 7553K, committed 7872K, reserved 425984K
}
Event: 12.057 GC heap before
{Heap before GC invocations=16 (full 0):
 garbage-first heap   total 103424K, used 88635K [0x0000000080000000, 0x0000000100000000)
  region size 1024K, 42 young (43008K), 6 survivors (6144K)
 Metaspace       used 56450K, committed 57088K, reserved 491520K
  class space    used 7926K, committed 8192K, reserved 425984K
}
Event: 12.062 GC heap after
{Heap after GC invocations=17 (full 0):
 garbage-first heap   total 103424K, used 56398K [0x0000000080000000, 0x0000000100000000)
  region size 1024K, 6 young (6144K), 6 survivors (6144K)
 Metaspace       used 56450K, committed 57088K, reserved 491520K
  class space    used 7926K, committed 8192K, reserved 425984K
}
Event: 12.285 GC heap before
{Heap before GC invocations=17 (full 0):
 garbage-first heap   total 103424K, used 80974K [0x0000000080000000, 0x0000000100000000)
  region size 1024K, 30 young (30720K), 6 survivors (6144K)
 Metaspace       used 58139K, committed 58816K, reserved 491520K
  class space    used 8193K, committed 8512K, reserved 425984K
}
Event: 12.288 GC heap after
{Heap after GC invocations=18 (full 0):
 garbage-first heap   total 103424K, used 57647K [0x0000000080000000, 0x0000000100000000)
  region size 1024K, 2 young (2048K), 2 survivors (2048K)
 Metaspace       used 58139K, committed 58816K, reserved 491520K
  class space    used 8193K, committed 8512K, reserved 425984K
}
Event: 12.576 GC heap before
{Heap before GC invocations=19 (full 0):
 garbage-first heap   total 103424K, used 83247K [0x0000000080000000, 0x0000000100000000)
  region size 1024K, 27 young (27648K), 2 survivors (2048K)
 Metaspace       used 59818K, committed 60480K, reserved 491520K
  class space    used 8437K, committed 8704K, reserved 425984K
}
Event: 12.579 GC heap after
{Heap after GC invocations=20 (full 0):
 garbage-first heap   total 103424K, used 58199K [0x0000000080000000, 0x0000000100000000)
  region size 1024K, 2 young (2048K), 2 survivors (2048K)
 Metaspace       used 59818K, committed 60480K, reserved 491520K
  class space    used 8437K, committed 8704K, reserved 425984K
}
Event: 12.622 GC heap before
{Heap before GC invocations=20 (full 0):
 garbage-first heap   total 103424K, used 61271K [0x0000000080000000, 0x0000000100000000)
  region size 1024K, 5 young (5120K), 2 survivors (2048K)
 Metaspace       used 60056K, committed 60736K, reserved 491520K
  class space    used 8479K, committed 8768K, reserved 425984K
}
Event: 12.624 GC heap after
{Heap after GC invocations=21 (full 0):
 garbage-first heap   total 103424K, used 57671K [0x0000000080000000, 0x0000000100000000)
  region size 1024K, 1 young (1024K), 1 survivors (1024K)
 Metaspace       used 60056K, committed 60736K, reserved 491520K
  class space    used 8479K, committed 8768K, reserved 425984K
}
Event: 13.110 GC heap before
{Heap before GC invocations=21 (full 0):
 garbage-first heap   total 103424K, used 83271K [0x0000000080000000, 0x0000000100000000)
  region size 1024K, 26 young (26624K), 1 survivors (1024K)
 Metaspace       used 62302K, committed 63040K, reserved 491520K
  class space    used 8846K, committed 9152K, reserved 425984K
}
Event: 13.114 GC heap after
{Heap after GC invocations=22 (full 0):
 garbage-first heap   total 103424K, used 58621K [0x0000000080000000, 0x0000000100000000)
  region size 1024K, 2 young (2048K), 2 survivors (2048K)
 Metaspace       used 62302K, committed 63040K, reserved 491520K
  class space    used 8846K, committed 9152K, reserved 425984K
}

Deoptimization events (20 events):
Event: 12.659 Thread 0x0000028a56471180 DEOPT PACKING pc=0x0000028a25cb6310 sp=0x000000927eff1c10
Event: 12.659 Thread 0x0000028a56471180 DEOPT UNPACKING pc=0x0000028a254c23a3 sp=0x000000927eff1af8 mode 2
Event: 12.659 Thread 0x0000028a56471180 Uncommon trap: trap_request=0xffffffc6 fr.pc=0x0000028a25cb6310 relative=0x0000000000000810
Event: 12.659 Thread 0x0000028a56471180 Uncommon trap: reason=bimorphic_or_optimized_type_check action=maybe_recompile pc=0x0000028a25cb6310 method=java.util.regex.Pattern$Start.match(Ljava/util/regex/Matcher;ILjava/lang/CharSequence;)Z @ 44 c2
Event: 12.659 Thread 0x0000028a56471180 DEOPT PACKING pc=0x0000028a25cb6310 sp=0x000000927eff1c10
Event: 12.659 Thread 0x0000028a56471180 DEOPT UNPACKING pc=0x0000028a254c23a3 sp=0x000000927eff1af8 mode 2
Event: 12.659 Thread 0x0000028a56471180 Uncommon trap: trap_request=0xffffffc6 fr.pc=0x0000028a25cb6310 relative=0x0000000000000810
Event: 12.659 Thread 0x0000028a56471180 Uncommon trap: reason=bimorphic_or_optimized_type_check action=maybe_recompile pc=0x0000028a25cb6310 method=java.util.regex.Pattern$Start.match(Ljava/util/regex/Matcher;ILjava/lang/CharSequence;)Z @ 44 c2
Event: 12.659 Thread 0x0000028a56471180 DEOPT PACKING pc=0x0000028a25cb6310 sp=0x000000927eff1c10
Event: 12.659 Thread 0x0000028a56471180 DEOPT UNPACKING pc=0x0000028a254c23a3 sp=0x000000927eff1af8 mode 2
Event: 12.659 Thread 0x0000028a56471180 Uncommon trap: trap_request=0xffffffc6 fr.pc=0x0000028a25cb6310 relative=0x0000000000000810
Event: 12.659 Thread 0x0000028a56471180 Uncommon trap: reason=bimorphic_or_optimized_type_check action=maybe_recompile pc=0x0000028a25cb6310 method=java.util.regex.Pattern$Start.match(Ljava/util/regex/Matcher;ILjava/lang/CharSequence;)Z @ 44 c2
Event: 12.659 Thread 0x0000028a56471180 DEOPT PACKING pc=0x0000028a25cb6310 sp=0x000000927eff1c10
Event: 12.659 Thread 0x0000028a56471180 DEOPT UNPACKING pc=0x0000028a254c23a3 sp=0x000000927eff1af8 mode 2
Event: 13.200 Thread 0x0000028a56471180 DEOPT PACKING pc=0x0000028a1e331c43 sp=0x000000927eff48a0
Event: 13.200 Thread 0x0000028a56471180 DEOPT UNPACKING pc=0x0000028a254c2b43 sp=0x000000927eff3dc0 mode 0
Event: 13.201 Thread 0x0000028a56471180 Uncommon trap: trap_request=0xffffffdc fr.pc=0x0000028a25dc5d40 relative=0x00000000000002a0
Event: 13.201 Thread 0x0000028a56471180 Uncommon trap: reason=class_check action=make_not_entrant pc=0x0000028a25dc5d40 method=java.util.ArrayList.toArray([Ljava/lang/Object;)[Ljava/lang/Object; @ 21 c2
Event: 13.201 Thread 0x0000028a56471180 DEOPT PACKING pc=0x0000028a25dc5d40 sp=0x000000927eff5840
Event: 13.201 Thread 0x0000028a56471180 DEOPT UNPACKING pc=0x0000028a254c23a3 sp=0x000000927eff5810 mode 2

Classes unloaded (0 events):
No events

Classes redefined (0 events):
No events

Internal exceptions (20 events):
Event: 11.214 Thread 0x0000028a56471180 Exception <a 'java/lang/NoSuchMethodError'{0x00000000852b4fc8}: 'void java.lang.invoke.DirectMethodHandle$Holder.invokeSpecial(java.lang.Object, java.lang.Object, java.lang.Object, int)'> (0x00000000852b4fc8) 
thrown [s\open\src\hotspot\share\interpreter\linkResolver.cpp, line 759]
Event: 11.787 Thread 0x0000028a56471180 Implicit null exception at 0x0000028a25c37f30 to 0x0000028a25c38594
Event: 11.940 Thread 0x0000028a56471180 Exception <a 'java/lang/NoSuchMethodError'{0x00000000849b1b40}: static Lorg/jetbrains/kotlin/gradle/plugin/internal/DefaultConfigurationTimePropertiesAccessorVariantFactory;.<clinit>()V> (0x00000000849b1b40) 
thrown [s\open\src\hotspot\share\prims\jni.cpp, line 1112]
Event: 11.941 Thread 0x0000028a56471180 Exception <a 'java/lang/NoSuchMethodError'{0x00000000849d5dd8}: static Lorg/jetbrains/kotlin/gradle/plugin/internal/DefaultProjectIsolationStartParameterAccessor$Factory;.<clinit>()V> (0x00000000849d5dd8) 
thrown [s\open\src\hotspot\share\prims\jni.cpp, line 1112]
Event: 11.942 Thread 0x0000028a56471180 Exception <a 'java/lang/NoSuchMethodError'{0x00000000849fad58}: static Lorg/jetbrains/kotlin/gradle/plugin/internal/DefaultSourceSetCompatibilityHelperVariantFactory;.<clinit>()V> (0x00000000849fad58) 
thrown [s\open\src\hotspot\share\prims\jni.cpp, line 1112]
Event: 11.943 Thread 0x0000028a56471180 Exception <a 'java/lang/NoSuchMethodError'{0x000000008482e6e8}: static Lorg/jetbrains/kotlin/gradle/plugin/internal/DefaultArtifactTypeAttributeAccessorVariantFactory;.<clinit>()V> (0x000000008482e6e8) 
thrown [s\open\src\hotspot\share\prims\jni.cpp, line 1112]
Event: 11.944 Thread 0x0000028a56471180 Exception <a 'java/lang/NoSuchMethodError'{0x0000000084861c68}: static Lorg/jetbrains/kotlin/gradle/plugin/internal/DefaultCompatibilityConventionRegistrar$Factory;.<clinit>()V> (0x0000000084861c68) 
thrown [s\open\src\hotspot\share\prims\jni.cpp, line 1112]
Event: 11.944 Thread 0x0000028a56471180 Exception <a 'java/lang/NoSuchMethodError'{0x0000000084886be0}: static Lorg/jetbrains/kotlin/gradle/plugin/internal/DefaultJavaSourceSetsAccessorVariantFactory;.<clinit>()V> (0x0000000084886be0) 
thrown [s\open\src\hotspot\share\prims\jni.cpp, line 1112]
Event: 11.945 Thread 0x0000028a56471180 Exception <a 'java/lang/NoSuchMethodError'{0x00000000848aaf80}: static Lorg/jetbrains/kotlin/gradle/plugin/internal/DefaultIdeaSyncDetectorVariantFactory;.<clinit>()V> (0x00000000848aaf80) 
thrown [s\open\src\hotspot\share\prims\jni.cpp, line 1112]
Event: 11.946 Thread 0x0000028a56471180 Exception <a 'java/lang/NoSuchMethodError'{0x00000000848d3950}: static Lorg/jetbrains/kotlin/gradle/plugin/internal/DefaultKotlinTestReportCompatibilityHelperVariantFactory;.<clinit>()V> (0x00000000848d3950) 
thrown [s\open\src\hotspot\share\prims\jni.cpp, line 1112]
Event: 11.947 Thread 0x0000028a56471180 Exception <a 'java/lang/NoSuchMethodError'{0x00000000848f8bc8}: static Lorg/jetbrains/kotlin/gradle/plugin/internal/DefaultMppTestReportHelperVariantFactory;.<clinit>()V> (0x00000000848f8bc8) 
thrown [s\open\src\hotspot\share\prims\jni.cpp, line 1112]
Event: 11.948 Thread 0x0000028a56471180 Exception <a 'java/lang/NoSuchMethodError'{0x000000008471d3a8}: static Lorg/jetbrains/kotlin/gradle/plugin/internal/DefaultConfigurationCacheStartParameterAccessorVariantFactory;.<clinit>()V> (0x000000008471d3a8) 
thrown [s\open\src\hotspot\share\prims\jni.cpp, line 1112]
Event: 11.948 Thread 0x0000028a56471180 Exception <a 'java/lang/NoSuchMethodError'{0x0000000084742b70}: static Lorg/jetbrains/kotlin/gradle/plugin/internal/MavenPluginConfigurator$DefaultMavenPluginConfiguratorVariantFactory;.<clinit>()V> (0x0000000084742b70) 
thrown [s\open\src\hotspot\share\prims\jni.cpp, line 1112]
Event: 11.949 Thread 0x0000028a56471180 Exception <a 'java/lang/NoSuchMethodError'{0x0000000084766f60}: static Lorg/jetbrains/kotlin/gradle/targets/js/nodejs/DefaultUnameExecutorVariantFactory;.<clinit>()V> (0x0000000084766f60) 
thrown [s\open\src\hotspot\share\prims\jni.cpp, line 1112]
Event: 11.950 Thread 0x0000028a56471180 Exception <a 'java/lang/NoSuchMethodError'{0x000000008478c078}: static Lorg/jetbrains/kotlin/gradle/plugin/internal/DefaultBasePluginConfigurationVariantFactory;.<clinit>()V> (0x000000008478c078) 
thrown [s\open\src\hotspot\share\prims\jni.cpp, line 1112]
Event: 11.951 Thread 0x0000028a56471180 Exception <a 'java/lang/NoSuchMethodError'{0x00000000847b12a8}: static Lorg/jetbrains/kotlin/gradle/plugin/internal/DefaultAttributeConfigurationHelperVariantFactory;.<clinit>()V> (0x00000000847b12a8) 
thrown [s\open\src\hotspot\share\prims\jni.cpp, line 1112]
Event: 12.008 Thread 0x0000028a56471180 Exception <a 'java/lang/IncompatibleClassChangeError'{0x000000008422a6e8}: Found class java.lang.Object, but interface was expected> (0x000000008422a6e8) 
thrown [s\open\src\hotspot\share\interpreter\linkResolver.cpp, line 826]
Event: 12.697 Thread 0x0000028a56471180 Exception <a 'java/lang/NoSuchMethodError'{0x0000000088741270}: 'void java.lang.invoke.DirectMethodHandle$Holder.invokeVirtual(java.lang.Object, java.lang.Object)'> (0x0000000088741270) 
thrown [s\open\src\hotspot\share\interpreter\linkResolver.cpp, line 759]
Event: 12.920 Thread 0x0000028a56471180 Exception <a 'java/lang/NoSuchMethodError'{0x000000008520ab58}: 'int java.lang.invoke.DirectMethodHandle$Holder.invokeStatic(java.lang.Object, java.lang.Object, int)'> (0x000000008520ab58) 
thrown [s\open\src\hotspot\share\interpreter\linkResolver.cpp, line 759]
Event: 13.277 Thread 0x0000028a56471180 Exception <a 'java/lang/NoSuchMethodError'{0x0000000087e5f6d8}: static Lorg/jetbrains/kotlin/gradle/plugin/internal/DefaultIdeaSyncDetector$createIdeaPropertiesEvaluator$1;.<clinit>()V> (0x0000000087e5f6d8) 
thrown [s\open\src\hotspot\share\prims\jni.cpp, line 1112]

VM Operations (20 events):
Event: 12.057 Executing VM operation: G1CollectForAllocation
Event: 12.062 Executing VM operation: G1CollectForAllocation done
Event: 12.285 Executing VM operation: G1CollectForAllocation
Event: 12.288 Executing VM operation: G1CollectForAllocation done
Event: 12.306 Executing VM operation: G1Concurrent
Event: 12.309 Executing VM operation: G1Concurrent done
Event: 12.329 Executing VM operation: G1Concurrent
Event: 12.329 Executing VM operation: G1Concurrent done
Event: 12.576 Executing VM operation: G1CollectForAllocation
Event: 12.579 Executing VM operation: G1CollectForAllocation done
Event: 12.622 Executing VM operation: G1CollectForAllocation
Event: 12.624 Executing VM operation: G1CollectForAllocation done
Event: 12.649 Executing VM operation: HandshakeAllThreads
Event: 12.649 Executing VM operation: HandshakeAllThreads done
Event: 13.110 Executing VM operation: G1CollectForAllocation
Event: 13.114 Executing VM operation: G1CollectForAllocation done
Event: 13.139 Executing VM operation: G1Concurrent
Event: 13.143 Executing VM operation: G1Concurrent done
Event: 13.156 Executing VM operation: G1Concurrent
Event: 13.156 Executing VM operation: G1Concurrent done

Events (20 events):
Event: 12.641 loading class javax/xml/parsers/FactoryFinder$1
Event: 12.641 loading class javax/xml/parsers/FactoryFinder$1 done
Event: 12.641 loading class com/sun/org/apache/xerces/internal/jaxp/DocumentBuilderFactoryImpl
Event: 12.642 loading class com/sun/org/apache/xerces/internal/jaxp/DocumentBuilderFactoryImpl done
Event: 12.642 loading class com/sun/org/apache/xerces/internal/utils/XMLSecurityManager
Event: 12.642 loading class com/sun/org/apache/xerces/internal/utils/XMLSecurityManager done
Event: 12.642 loading class com/sun/org/apache/xerces/internal/utils/XMLSecurityManager$Limit
Event: 12.643 loading class com/sun/org/apache/xerces/internal/utils/XMLSecurityManager$Limit done
Event: 12.643 loading class com/sun/org/apache/xerces/internal/utils/XMLSecurityManager$NameMap
Event: 12.643 loading class com/sun/org/apache/xerces/internal/utils/XMLSecurityManager$NameMap done
Event: 12.643 loading class com/sun/org/apache/xerces/internal/utils/XMLSecurityPropertyManager
Event: 12.643 loading class com/sun/org/apache/xerces/internal/utils/XMLSecurityPropertyManager done
Event: 12.643 loading class com/sun/org/apache/xerces/internal/utils/XMLSecurityPropertyManager$State
Event: 12.643 loading class com/sun/org/apache/xerces/internal/utils/XMLSecurityPropertyManager$State done
Event: 12.643 loading class com/sun/org/apache/xerces/internal/utils/XMLSecurityPropertyManager$Property
Event: 12.643 loading class com/sun/org/apache/xerces/internal/utils/XMLSecurityPropertyManager$Property done
Event: 12.658 loading class java/util/regex/Pattern$SliceI
Event: 12.658 loading class java/util/regex/Pattern$SliceI done
Event: 12.684 Thread 0x0000028a58dd24b0 Thread added: 0x0000028a58dd24b0
Event: 12.823 Thread 0x0000028a55946040 Thread added: 0x0000028a55946040


Dynamic libraries:
0x00007ff788b70000 - 0x00007ff788b80000 	C:\Program Files\Java\jdk-17\bin\java.exe
0x00007ffa4b690000 - 0x00007ffa4b888000 	C:\WINDOWS\SYSTEM32\ntdll.dll
0x00007ffa4b0d0000 - 0x00007ffa4b192000 	C:\WINDOWS\System32\KERNEL32.DLL
0x00007ffa49380000 - 0x00007ffa49676000 	C:\WINDOWS\System32\KERNELBASE.dll
0x00007ffa48d20000 - 0x00007ffa48e20000 	C:\WINDOWS\System32\ucrtbase.dll
0x00007ffa344e0000 - 0x00007ffa344f9000 	C:\Program Files\Java\jdk-17\bin\jli.dll
0x00007ffa4ada0000 - 0x00007ffa4ae51000 	C:\WINDOWS\System32\ADVAPI32.dll
0x00007ffa3b420000 - 0x00007ffa3b43b000 	C:\Program Files\Java\jdk-17\bin\VCRUNTIME140.dll
0x00007ffa4a790000 - 0x00007ffa4a82e000 	C:\WINDOWS\System32\msvcrt.dll
0x00007ffa4a830000 - 0x00007ffa4a8cf000 	C:\WINDOWS\System32\sechost.dll
0x00007ffa4ac10000 - 0x00007ffa4ad33000 	C:\WINDOWS\System32\RPCRT4.dll
0x00007ffa490a0000 - 0x00007ffa490c7000 	C:\WINDOWS\System32\bcrypt.dll
0x00007ffa4b1a0000 - 0x00007ffa4b33d000 	C:\WINDOWS\System32\USER32.dll
0x00007ffa49680000 - 0x00007ffa496a2000 	C:\WINDOWS\System32\win32u.dll
0x00007ffa4ae60000 - 0x00007ffa4ae8b000 	C:\WINDOWS\System32\GDI32.dll
0x00007ffa48f80000 - 0x00007ffa49099000 	C:\WINDOWS\System32\gdi32full.dll
0x00007ffa490d0000 - 0x00007ffa4916d000 	C:\WINDOWS\System32\msvcp_win.dll
0x00007ffa31db0000 - 0x00007ffa3204a000 	C:\WINDOWS\WinSxS\amd64_microsoft.windows.common-controls_6595b64144ccf1df_6.0.19041.5915_none_60b4b9d171f9c7c7\COMCTL32.dll
0x00007ffa3b4a0000 - 0x00007ffa3b4aa000 	C:\WINDOWS\SYSTEM32\VERSION.dll
0x00007ffa4b600000 - 0x00007ffa4b62f000 	C:\WINDOWS\System32\IMM32.DLL
0x00007ffa344d0000 - 0x00007ffa344dc000 	C:\Program Files\Java\jdk-17\bin\vcruntime140_1.dll
0x00007ffa0f290000 - 0x00007ffa0f31e000 	C:\Program Files\Java\jdk-17\bin\msvcp140.dll
0x00007ff9c0980000 - 0x00007ff9c1560000 	C:\Program Files\Java\jdk-17\bin\server\jvm.dll
0x00007ffa4b340000 - 0x00007ffa4b348000 	C:\WINDOWS\System32\PSAPI.DLL
0x00007ffa40ae0000 - 0x00007ffa40ae9000 	C:\WINDOWS\SYSTEM32\WSOCK32.dll
0x00007ffa39b80000 - 0x00007ffa39ba7000 	C:\WINDOWS\SYSTEM32\WINMM.dll
0x00007ffa4aae0000 - 0x00007ffa4ab4b000 	C:\WINDOWS\System32\WS2_32.dll
0x00007ffa47540000 - 0x00007ffa47552000 	C:\WINDOWS\SYSTEM32\kernel.appcore.dll
0x00007ffa24ef0000 - 0x00007ffa24efa000 	C:\Program Files\Java\jdk-17\bin\jimage.dll
0x00007ffa46890000 - 0x00007ffa46a91000 	C:\WINDOWS\SYSTEM32\DBGHELP.DLL
0x00007ffa205f0000 - 0x00007ffa20624000 	C:\WINDOWS\SYSTEM32\dbgcore.DLL
0x00007ffa492f0000 - 0x00007ffa49372000 	C:\WINDOWS\System32\bcryptPrimitives.dll
0x00007ffa22f90000 - 0x00007ffa22f9e000 	C:\Program Files\Java\jdk-17\bin\instrument.dll
0x00007ffa240e0000 - 0x00007ffa24105000 	C:\Program Files\Java\jdk-17\bin\java.dll
0x00007ffa0ef20000 - 0x00007ffa0eff7000 	C:\Program Files\Java\jdk-17\bin\jsvml.dll
0x00007ffa497f0000 - 0x00007ffa49f5e000 	C:\WINDOWS\System32\SHELL32.dll
0x00007ffa46d80000 - 0x00007ffa47524000 	C:\WINDOWS\SYSTEM32\windows.storage.dll
0x00007ffa49f60000 - 0x00007ffa4a2b3000 	C:\WINDOWS\System32\combase.dll
0x00007ffa486e0000 - 0x00007ffa4870b000 	C:\WINDOWS\SYSTEM32\Wldp.dll
0x00007ffa4b480000 - 0x00007ffa4b54d000 	C:\WINDOWS\System32\OLEAUT32.dll
0x00007ffa4ab50000 - 0x00007ffa4abfd000 	C:\WINDOWS\System32\SHCORE.dll
0x00007ffa4a730000 - 0x00007ffa4a78b000 	C:\WINDOWS\System32\shlwapi.dll
0x00007ffa48c50000 - 0x00007ffa48c74000 	C:\WINDOWS\SYSTEM32\profapi.dll
0x00007ffa1ee70000 - 0x00007ffa1ee88000 	C:\Program Files\Java\jdk-17\bin\zip.dll
0x00007ffa22230000 - 0x00007ffa22249000 	C:\Program Files\Java\jdk-17\bin\net.dll
0x00007ffa433e0000 - 0x00007ffa434ea000 	C:\WINDOWS\SYSTEM32\WINHTTP.dll
0x00007ffa48440000 - 0x00007ffa484aa000 	C:\WINDOWS\system32\mswsock.dll
0x00007ffa217c0000 - 0x00007ffa217d6000 	C:\Program Files\Java\jdk-17\bin\nio.dll
0x00007ffa24490000 - 0x00007ffa244a0000 	C:\Program Files\Java\jdk-17\bin\verify.dll
0x00007ffa1ecb0000 - 0x00007ffa1ecd7000 	C:\Users\PMLS\.gradle\native\1def1411415f61bf3af743bc5b6707747c0891f09f0c88961ee8f79bc544acac\windows-amd64\native-platform.dll
0x00007ffa0a830000 - 0x00007ffa0a8a8000 	C:\Users\PMLS\.gradle\native\0.2.7\x86_64-windows-gnu\gradle-fileevents.dll
0x00007ffa24290000 - 0x00007ffa2429a000 	C:\Program Files\Java\jdk-17\bin\management.dll
0x00007ffa236d0000 - 0x00007ffa236db000 	C:\Program Files\Java\jdk-17\bin\management_ext.dll
0x00007ffa48120000 - 0x00007ffa4815b000 	C:\WINDOWS\SYSTEM32\IPHLPAPI.DLL
0x00007ffa4a8d0000 - 0x00007ffa4a8d8000 	C:\WINDOWS\System32\NSI.dll
0x00007ffa3f9f0000 - 0x00007ffa3fa07000 	C:\WINDOWS\SYSTEM32\dhcpcsvc6.DLL
0x00007ffa3fe00000 - 0x00007ffa3fe1d000 	C:\WINDOWS\SYSTEM32\dhcpcsvc.DLL
0x00007ffa48160000 - 0x00007ffa4822a000 	C:\WINDOWS\SYSTEM32\DNSAPI.dll
0x00007ffa48640000 - 0x00007ffa48658000 	C:\WINDOWS\SYSTEM32\CRYPTSP.dll
0x00007ffa47d00000 - 0x00007ffa47d38000 	C:\WINDOWS\system32\rsaenh.dll
0x00007ffa48c10000 - 0x00007ffa48c3e000 	C:\WINDOWS\SYSTEM32\USERENV.dll
0x00007ffa48630000 - 0x00007ffa4863c000 	C:\WINDOWS\SYSTEM32\CRYPTBASE.dll
0x00007ffa34550000 - 0x00007ffa3455e000 	C:\Program Files\Java\jdk-17\bin\sunmscapi.dll
0x00007ffa48e20000 - 0x00007ffa48f7d000 	C:\WINDOWS\System32\CRYPT32.dll
0x00007ffa48770000 - 0x00007ffa48797000 	C:\WINDOWS\SYSTEM32\ncrypt.dll
0x00007ffa48710000 - 0x00007ffa4874b000 	C:\WINDOWS\SYSTEM32\NTASN1.dll
0x00007ffa161b0000 - 0x00007ffa161b7000 	C:\WINDOWS\system32\wshunix.dll

dbghelp: loaded successfully - version: 4.0.5 - missing functions: none
symbol engine: initialized successfully - sym options: 0x614 - pdb path: .;C:\Program Files\Java\jdk-17\bin;C:\WINDOWS\SYSTEM32;C:\WINDOWS\WinSxS\amd64_microsoft.windows.common-controls_6595b64144ccf1df_6.0.19041.5915_none_60b4b9d171f9c7c7;C:\Program Files\Java\jdk-17\bin\server;C:\Users\PMLS\.gradle\native\1def1411415f61bf3af743bc5b6707747c0891f09f0c88961ee8f79bc544acac\windows-amd64;C:\Users\PMLS\.gradle\native\0.2.7\x86_64-windows-gnu

VM Arguments:
jvm_args: --add-opens=java.base/java.lang=ALL-UNNAMED --add-opens=java.base/java.lang.invoke=ALL-UNNAMED --add-opens=java.base/java.util=ALL-UNNAMED --add-opens=java.prefs/java.util.prefs=ALL-UNNAMED --add-exports=jdk.compiler/com.sun.tools.javac.api=ALL-UNNAMED --add-exports=jdk.compiler/com.sun.tools.javac.util=ALL-UNNAMED --add-opens=java.base/java.util=ALL-UNNAMED --add-opens=java.prefs/java.util.prefs=ALL-UNNAMED --add-opens=java.base/java.nio.charset=ALL-UNNAMED --add-opens=java.base/java.net=ALL-UNNAMED --add-opens=java.base/java.util.concurrent.atomic=ALL-UNNAMED --add-opens=java.xml/javax.xml.namespace=ALL-UNNAMED -XX:MaxMetaspaceSize=512m -Xmx2048m -Dfile.encoding=windows-1252 -Duser.country=US -Duser.language=en -Duser.variant -javaagent:C:\Users\PMLS\.gradle\wrapper\dists\gradle-8.13-bin\5xuhj0ry160q40clulazy9h7d\gradle-8.13\lib\agents\gradle-instrumentation-agent-8.13.jar 
java_command: org.gradle.launcher.daemon.bootstrap.GradleDaemon 8.13
java_class_path (initial): C:\Users\PMLS\.gradle\wrapper\dists\gradle-8.13-bin\5xuhj0ry160q40clulazy9h7d\gradle-8.13\lib\gradle-daemon-main-8.13.jar
Launcher Type: SUN_STANDARD

[Global flags]
     intx CICompilerCount                          = 4                                         {product} {ergonomic}
   size_t CompressedClassSpaceSize                 = 436207616                                 {product} {ergonomic}
     uint ConcGCThreads                            = 3                                         {product} {ergonomic}
     uint G1ConcRefinementThreads                  = 10                                        {product} {ergonomic}
   size_t G1HeapRegionSize                         = 1048576                                   {product} {ergonomic}
    uintx GCDrainStackTargetSize                   = 64                                        {product} {ergonomic}
   size_t InitialHeapSize                          = 264241152                                 {product} {ergonomic}
   size_t MarkStackSize                            = 4194304                                   {product} {ergonomic}
   size_t MaxHeapSize                              = 2147483648                                {product} {command line}
   size_t MaxMetaspaceSize                         = 536870912                                 {product} {command line}
   size_t MaxNewSize                               = 1287651328                                {product} {ergonomic}
   size_t MinHeapDeltaBytes                        = 1048576                                   {product} {ergonomic}
   size_t MinHeapSize                              = 8388608                                   {product} {ergonomic}
    uintx NonNMethodCodeHeapSize                   = 5839372                                {pd product} {ergonomic}
    uintx NonProfiledCodeHeapSize                  = 122909434                              {pd product} {ergonomic}
    uintx ProfiledCodeHeapSize                     = 122909434                              {pd product} {ergonomic}
    uintx ReservedCodeCacheSize                    = 251658240                              {pd product} {ergonomic}
     bool SegmentedCodeCache                       = true                                      {product} {ergonomic}
   size_t SoftMaxHeapSize                          = 2147483648                             {manageable} {ergonomic}
     bool UseCompressedClassPointers               = true                           {product lp64_product} {ergonomic}
     bool UseCompressedOops                        = true                           {product lp64_product} {ergonomic}
     bool UseG1GC                                  = true                                      {product} {ergonomic}
     bool UseLargePagesIndividualAllocation        = false                                  {pd product} {ergonomic}

Logging:
Log output configuration:
 #0: stdout all=warning uptime,level,tags
 #1: stderr all=off uptime,level,tags

Environment Variables:
JAVA_HOME=C:\Program Files\Java\jdk-17
CLASSPATH=C:\Users\PMLS\AndroidStudioProjects\SafeMum\SafeMum\android\\gradle\wrapper\gradle-wrapper.jar
PATH=C:\Program Files\Common Files\Oracle\Java\javapath;C:\WINDOWS\system32;C:\WINDOWS;C:\WINDOWS\System32\Wbem;C:\WINDOWS\System32\WindowsPowerShell\v1.0\;C:\WINDOWS\System32\OpenSSH\;C:\Program Files\Git\cmd;C:\ProgramData\chocolatey\bin;C:\Program Files\nodejs\;C:\Users\PMLS\AppData\Local\Android\Sdk\platform-tools;C:\Program Files\OpenSSL-Win64\bin;C:\Users\PMLS\AppData\Local\Programs\Python\Python310\Scripts\;C:\Users\PMLS\AppData\Local\Programs\Python\Python310\;C:\Users\PMLS\AppData\Local\Programs\Python\Python314\Scripts\;C:\Users\PMLS\AppData\Local\Programs\Python\Python314\;C:\Users\PMLS\AppData\Local\Programs\Python\Python313\Scripts\;C:\Users\PMLS\AppData\Local\Programs\Python\Python313\;C:\Users\PMLS\AppData\Local\Android\Sdk\tools;C:\Users\PMLS\AppData\Local\Microsoft\WindowsApps;C:\Users\PMLS\AppData\Roaming\npm;C:\Program Files\Java\jdk-17;C:\Users\PMLS\AppData\Local\Programs\Microsoft VS Code\bin;C:\Program Files\Java\jdk-17\bin;C:\Users\PMLS\AppData\Local\Programs\cursor\resources\app\bin
USERNAME=Zahra
OS=Windows_NT
PROCESSOR_IDENTIFIER=Intel64 Family 6 Model 154 Stepping 4, GenuineIntel



---------------  S Y S T E M  ---------------

OS:
 Windows 10 , 64 bit Build 19041 (10.0.19041.5915)
OS uptime: 2 days 10:26 hours

CPU: total 12 (initial active 12) (6 cores per cpu, 2 threads per core) family 6 model 154 stepping 4 microcode 0x424, cx8, cmov, fxsr, ht, mmx, 3dnowpref, sse, sse2, sse3, ssse3, sse4.1, sse4.2, popcnt, lzcnt, tsc, tscinvbit, avx, avx2, aes, erms, clmul, bmi1, bmi2, adx, sha, fma, vzeroupper, clflush, clflushopt, clwb

Memory: 4k page, system-wide physical 16108M (514M free)
TotalPageFile size 46553M (AvailPageFile size 2M)
current process WorkingSet (physical memory assigned to process): 299M, peak: 300M
current process commit charge ("private bytes"): 346M, peak: 437M

vm_info: Java HotSpot(TM) 64-Bit Server VM (17.0.12+8-LTS-286) for windows-amd64 JRE (17.0.12+8-LTS-286), built on Jun  5 2024 06:46:59 by "mach5one" with MS VC++ 17.6 (VS2022)

END.
